#### lmstudio / agent-loop
== lmstudio: 32 requests, 4 prompts, 1 workloads, 8 arms
  ms/token  B effect  -2.75%  [ -6.82 ..  +1.51]  resid sd 5.89%
            arm means (%): A1 +8.21  B1 -0.76  B2 +0.21  A2 +2.67  B3 -2.24  A3 -5.15  A4 +0.33  B4 -2.71
            arm level B effect  -2.75%  [ -7.99 ..  +2.80]  (5 dof, arm sd 3.05%)
  tok/step  B effect  -0.75%  [ -7.74 ..  +6.77]  resid sd 10.05%
            arm means (%): A1 -4.60  B1 +4.91  B2 -7.06  A2 +4.51  B3 -3.27  A3 +1.66  A4 +0.15  B4 +4.45
            arm level B effect  -0.75%  [ -9.49 ..  +8.84]  (5 dof, arm sd 5.07%)
  ms/step|a B effect  -3.05%  [ -5.96 ..  -0.05]  resid sd 4.18%  slopes 0.58
            arm means (%): A1 +5.96  B1 +1.39  B2 -3.02  A2 +4.72  B3 -3.68  A3 -4.45  A4 +0.40  B4 -0.79
            arm level B effect  -3.07%  [ -8.89 ..  +3.11]  (5 dof, arm sd 3.40%)
#### lmstudio / code-edit
== lmstudio: 32 requests, 4 prompts, 1 workloads, 8 arms
  ms/token  B effect  -1.64%  [ -7.22 ..  +4.27]  resid sd 8.03%
            arm means (%): A1 +12.33  B1 +9.37  B2 -3.26  A2 -2.51  B3 -5.13  A3 -5.50  A4 -0.12  B4 -3.62
            arm level B effect  -1.64%  [-10.78 ..  +8.43]  (5 dof, arm sd 5.37%)
  tok/step  B effect  +1.57%  [ -5.55 ..  +9.23]  resid sd 10.00%
            arm means (%): A1 -10.04  B1 -6.17  B2 +2.76  A2 +6.73  B3 -0.09  A3 +1.64  A4 -0.67  B4 +7.10
            arm level B effect  +1.57%  [ -7.42 .. +11.43]  (5 dof, arm sd 5.10%)
  ms/step|a B effect  -0.67%  [ -4.32 ..  +3.11]  resid sd 5.11%  slopes 0.37
            arm means (%): A1 +4.19  B1 +4.53  B2 -1.37  A2 +2.11  B3 -5.19  A3 -4.40  A4 -0.60  B4 +1.20
            arm level B effect  -0.54%  [ -7.06 ..  +6.43]  (5 dof, arm sd 3.73%)
#### lmstudio / prose-en
== lmstudio: 32 requests, 4 prompts, 1 workloads, 8 arms
  ms/token  B effect  -1.90%  [ -5.33 ..  +1.64]  resid sd 4.89%
            arm means (%): A1 +2.45  B1 +5.71  B2 -4.50  A2 +2.89  B3 -4.98  A3 -4.24  A4 +2.95  B4 +0.31
            arm level B effect  -1.90%  [ -9.73 ..  +6.60]  (5 dof, arm sd 4.57%)
  tok/step  B effect  +0.62%  [ -0.97 ..  +2.24]  resid sd 2.20%
            arm means (%): A1 +0.83  B1 -1.15  B2 +0.99  A2 -0.39  B3 +0.72  A3 +0.40  A4 -2.05  B4 +0.69
            arm level B effect  +0.62%  [ -1.61 ..  +2.90]  (5 dof, arm sd 1.23%)
  ms/step|a B effect  -1.03%  [ -3.77 ..  +1.79]  resid sd 3.81%  slopes -0.44
            arm means (%): A1 +3.66  B1 +3.98  B2 -3.15  A2 +2.32  B3 -3.99  A3 -3.69  A4 -0.05  B4 +1.30
            arm level B effect  -1.03%  [ -7.19 ..  +5.53]  (5 dof, arm sd 3.53%)
#### lmstudio / prose-ja
== lmstudio: 32 requests, 4 prompts, 1 workloads, 8 arms
  ms/token  B effect  -2.08%  [ -7.05 ..  +3.17]  resid sd 7.18%
            arm means (%): A1 +6.29  B1 +2.90  B2 -9.39  A2 +3.37  B3 -3.12  A3 -2.78  A4 -2.37  B4 +6.15
            arm level B effect  -2.08%  [-12.79 ..  +9.96]  (5 dof, arm sd 6.38%)
  tok/step  B effect  +0.09%  [ -3.68 ..  +4.01]  resid sd 5.28%
            arm means (%): A1 -3.18  B1 +0.44  B2 +5.72  A2 -0.79  B3 -0.75  A3 -1.21  A4 +5.18  B4 -4.94
            arm level B effect  +0.09%  [ -7.53 ..  +8.34]  (5 dof, arm sd 4.35%)
  ms/step|a B effect  -1.98%  [ -4.95 ..  +1.09]  resid sd 4.23%  slopes -0.11
            arm means (%): A1 +2.57  B1 +3.40  B2 -3.65  A2 +2.48  B3 -3.93  A3 -4.07  A4 +3.22  B4 +0.38
            arm level B effect  -1.98%  [ -8.41 ..  +4.90]  (5 dof, arm sd 3.73%)
#### greedy / agent-loop
== greedy: 32 requests, 4 prompts, 1 workloads, 8 arms
  ms/token  B effect  -1.33%  [ -5.66 ..  +3.19]  resid sd 6.17%
            arm means (%): A1 +3.11  B1 -2.74  B2 -1.22  A2 -1.24  B3 -2.85  A3 -1.26  A4 +2.15  B4 +4.31
            arm level B effect  -1.33%  [ -6.46 ..  +4.08]  (5 dof, arm sd 2.94%)
  tok/step  B effect  -1.64%  [ -6.97 ..  +4.01]  resid sd 7.68%
            arm means (%): A1 +1.46  B1 -1.88  B2 +0.12  A2 +2.64  B3 +0.04  A3 +0.29  A4 -1.04  B4 -1.54
            arm level B effect  -1.64%  [ -3.95 ..  +0.73]  (5 dof, arm sd 1.31%)
  ms/step|a B effect  -2.27%  [ -5.35 ..  +0.92]  resid sd 4.37%  slopes 0.42
            arm means (%): A1 +3.95  B1 -3.78  B2 -1.15  A2 +0.22  B3 -2.83  A3 -1.09  A4 +1.55  B4 +3.40
            arm level B effect  -2.25%  [ -7.23 ..  +3.01]  (5 dof, arm sd 2.88%)
#### greedy / code-edit
== greedy: 32 requests, 4 prompts, 1 workloads, 8 arms
  ms/token  B effect  -1.97%  [ -8.09 ..  +4.57]  resid sd 8.88%
            arm means (%): A1 -1.08  B1 +4.76  B2 -5.32  A2 +1.85  B3 -3.97  A3 -0.86  A4 +4.16  B4 +0.89
            arm level B effect  -1.97%  [ -8.87 ..  +5.45]  (5 dof, arm sd 4.01%)
  tok/step  B effect  -1.97%  [-10.82 ..  +7.77]  resid sd 13.03%
            arm means (%): A1 +6.74  B1 -3.45  B2 -5.77  A2 -2.07  B3 +1.27  A3 +3.92  A4 -4.20  B4 +4.30
            arm level B effect  -1.97%  [-10.90 ..  +7.86]  (5 dof, arm sd 5.26%)
  ms/step|a B effect  -2.88%  [ -7.40 ..  +1.85]  resid sd 6.52%  slopes 0.53
            arm means (%): A1 +1.94  B1 +3.08  B2 -7.87  A2 +0.88  B3 -3.40  A3 +0.92  A4 +2.12  B4 +2.86
            arm level B effect  -2.86%  [ -9.90 ..  +4.73]  (5 dof, arm sd 4.14%)
#### greedy / prose-en
== greedy: 32 requests, 4 prompts, 1 workloads, 8 arms
  ms/token  B effect  -2.34%  [ -7.85 ..  +3.50]  resid sd 7.99%
            arm means (%): A1 +2.41  B1 +0.91  B2 -4.12  A2 +4.58  B3 -3.23  A3 -6.56  A4 +4.77  B4 +1.86
            arm level B effect  -2.34%  [-10.49 ..  +6.55]  (5 dof, arm sd 4.79%)
  tok/step  B effect  -2.06%  [ -6.75 ..  +2.87]  resid sd 6.75%
            arm means (%): A1 +0.74  B1 -2.82  B2 -0.75  A2 -0.31  B3 -0.49  A3 +7.61  A4 -3.54  B4 -0.06
            arm level B effect  -2.06%  [ -8.34 ..  +4.65]  (5 dof, arm sd 3.65%)
  ms/step|a B effect  -4.24%  [ -7.64 ..  -0.71]  resid sd 4.90%  slopes 0.05
            arm means (%): A1 +3.08  B1 -1.60  B2 -4.75  A2 +4.29  B3 -3.65  A3 -0.31  A4 +1.49  B4 +1.81
            arm level B effect  -4.12%  [ -8.69 ..  +0.69]  (5 dof, arm sd 2.69%)
#### greedy / prose-ja
== greedy: 32 requests, 4 prompts, 1 workloads, 8 arms
  ms/token  B effect  +3.16%  [ -7.44 .. +14.97]  resid sd 14.92%
            arm means (%): A1 -1.11  B1 -0.82  B2 +9.13  A2 -13.88  B3 +0.19  A3 +4.08  A4 +6.02  B4 -1.86
            arm level B effect  +3.16%  [-11.02 .. +19.60]  (5 dof, arm sd 8.14%)
  tok/step  B effect  -8.16%  [-21.10 ..  +6.92]  resid sd 20.91%
            arm means (%): A1 +8.46  B1 -3.79  B2 -11.88  A2 +21.91  B3 -5.16  A3 -4.70  A4 -5.92  B4 +4.90
            arm level B effect  -8.16%  [-24.64 .. +11.93]  (5 dof, arm sd 10.88%)
  ms/step|a B effect  -2.72%  [ -5.47 ..  +0.10]  resid sd 3.83%  slopes 0.31
            arm means (%): A1 +4.46  B1 -3.37  B2 +0.20  A2 -1.56  B3 -3.33  A3 +0.75  A4 +1.74  B4 +1.36
            arm level B effect  -2.60%  [ -7.25 ..  +2.29]  (5 dof, arm sd 2.69%)
