[abba-rs2] A1 (to) queued 19:10:39
[A1] MemAvailable 196G ok
[A1] start 19:10:39 mode=to samplings=lmstudio,greedy wt=/home/user/tools/sglang-rs2 commit=cf1e515722 env='SGLANG_ROUTER_FAST_TOPK=1 SGLANG_OPT_SPEC_SPARSE_VERIFY=1 SGLANG_OPT_SPEC_SPARSE_TOPK=1 SGLANG_OPT_GDN_FRONT_OVERLAP=1 SGLANG_OPT_DRAFT_MOE_GEMV=1 SGLANG_SPEC_MIN_P=1 PYTHONPATH=/home/user/tools/flashinfer-p3:/home/user/tools/sglang-rs2/python FLASHINFER_WORKSPACE_BASE=/home/user/.cache/sglang-rq2u2h FLASHINFER_P2_NO_NINJA=1 ' args=''
[A1] server up 19:14:19
[A1] mapped: /home/user/.cache/sglang-rq2u2h/.cache/flashinfer/0.6.17/120f/cached_ops/fused_moe_120/fused_moe_120.so
  => greedy prose-en.txt: median ms/step (unprofiled) 16.57  tok/step 4.44
  => sampling code-edit.txt: median ms/step (unprofiled) 11.93  tok/step 4.76
measured bn1-code-edit-01 1/1: 467.45 t/s
measured bn1-prose-en-01 1/1: 208.89 t/s
measured bn1-prose-ja-01 1/1: 212.81 t/s
measured bn1-agent-loop-01 1/1: 292.12 t/s
measured bn1-code-edit-02 1/1: 532.74 t/s
measured bn1-prose-en-02 1/1: 210.65 t/s
measured bn1-prose-ja-02 1/1: 214.46 t/s
measured bn1-agent-loop-02 1/1: 257.67 t/s
measured bn1-code-edit-03 1/1: 509.39 t/s
measured bn1-prose-en-03 1/1: 207.66 t/s
measured bn1-prose-ja-03 1/1: 253.25 t/s
measured bn1-agent-loop-03 1/1: 306.26 t/s
measured bn1-code-edit-04 1/1: 472.64 t/s
measured bn1-prose-en-04 1/1: 215.02 t/s
measured bn1-prose-ja-04 1/1: 243.57 t/s
measured bn1-agent-loop-04 1/1: 282.45 t/s
measured bn1-code-edit-05 1/1: 555.83 t/s
measured bn1-prose-en-05 1/1: 212.59 t/s
measured bn1-prose-ja-05 1/1: 228.17 t/s
measured bn1-agent-loop-05 1/1: 289.91 t/s
measured bn1-code-edit-06 1/1: 526.12 t/s
measured bn1-prose-en-06 1/1: 214.14 t/s
measured bn1-prose-ja-06 1/1: 240.79 t/s
measured bn1-agent-loop-06 1/1: 329.77 t/s
measured bn1-code-edit-07 1/1: 578.89 t/s
measured bn1-prose-en-07 1/1: 218.75 t/s
measured bn1-prose-ja-07 1/1: 271.19 t/s
measured bn1-agent-loop-07 1/1: 251.94 t/s
measured bn1-code-edit-08 1/1: 690.77 t/s
measured bn1-prose-en-08 1/1: 285.33 t/s
measured bn1-prose-ja-08 1/1: 211.08 t/s
measured bn1-agent-loop-08 1/1: 297.96 t/s
[A1] fnbench lmstudio rc=0 19:28:17
measured bn1-code-edit-01 1/1: 520.62 t/s
measured bn1-prose-en-01 1/1: 235.39 t/s
measured bn1-prose-ja-01 1/1: 433.42 t/s
measured bn1-agent-loop-01 1/1: 340.06 t/s
measured bn1-code-edit-02 1/1: 624.28 t/s
measured bn1-prose-en-02 1/1: 262.97 t/s
measured bn1-prose-ja-02 1/1: 280.23 t/s
measured bn1-agent-loop-02 1/1: 340.57 t/s
measured bn1-code-edit-03 1/1: 610.32 t/s
measured bn1-prose-en-03 1/1: 263.70 t/s
measured bn1-prose-ja-03 1/1: 274.82 t/s
measured bn1-agent-loop-03 1/1: 390.51 t/s
measured bn1-code-edit-04 1/1: 670.70 t/s
measured bn1-prose-en-04 1/1: 262.54 t/s
measured bn1-prose-ja-04 1/1: 267.64 t/s
measured bn1-agent-loop-04 1/1: 373.74 t/s
measured bn1-code-edit-05 1/1: 511.11 t/s
measured bn1-prose-en-05 1/1: 262.85 t/s
measured bn1-prose-ja-05 1/1: 278.55 t/s
measured bn1-agent-loop-05 1/1: 385.38 t/s
measured bn1-code-edit-06 1/1: 539.47 t/s
measured bn1-prose-en-06 1/1: 256.21 t/s
measured bn1-prose-ja-06 1/1: 294.91 t/s
measured bn1-agent-loop-06 1/1: 357.66 t/s
measured bn1-code-edit-07 1/1: 629.68 t/s
measured bn1-prose-en-07 1/1: 257.60 t/s
measured bn1-prose-ja-07 1/1: 269.38 t/s
measured bn1-agent-loop-07 1/1: 400.45 t/s
measured bn1-code-edit-08 1/1: 546.27 t/s
measured bn1-prose-en-08 1/1: 273.64 t/s
measured bn1-prose-ja-08 1/1: 282.78 t/s
measured bn1-agent-loop-08 1/1: 366.18 t/s
[A1] fnbench greedy rc=0 19:40:04
  start_profile: 200
  greedy   code-edit.txt  #0 chunks= 110 tokens= 600 tok/step=5.45 ms/step= 23.14 (profiled)
  sampling code-edit.txt  #0 chunks= 102 tokens= 600 tok/step=5.88 ms/step= 24.57 (profiled)
  sampling code-edit.txt  #1 chunks= 108 tokens= 600 tok/step=5.56 ms/step= 13.47
  => sampling code-edit.txt: median ms/step (unprofiled) 13.47  tok/step 5.72
  sampling prose-en.txt   #0 chunks= 210 tokens= 600 tok/step=2.86 ms/step= 16.46 (profiled)
  sampling prose-en.txt   #1 chunks= 230 tokens= 600 tok/step=2.61 ms/step=  9.92
  => sampling prose-en.txt: median ms/step (unprofiled) 9.92  tok/step 2.73
[A1] error lines in server log: 0
[A1] rs2 enabled lines: 0
[A1] draft MoE GEMV enabled lines: 1
[A1] ST1 lines: 0
[A1] dg1 gemv_k1           count    120  median  16.29 us
[A1] dg1 gemv_k2           count    120  median   9.66 us
[A1] dg1 cutlass_prologue  count    980  median   8.32 us
[A1] dg1 cutlass_act       count    980  median   3.62 us
[A1] rq A1-g-code-edit grid   96 (T=8): n=  980 p10   8.00 p50   8.32 p90   8.90 fast  99.6%
[A1] rs2 code-edit kernels in trace:  20 _sparse_target_probs_kernel; 20 _tree_sampling_target_only_sparse_kernel;
[A1] rs2 prose-en kernels in trace:  20 _sparse_target_probs_kernel; 20 _tree_sampling_target_only_sparse_kernel;
bench/rs2/arm_rs2.sh: 41 行: 441958 強制終了            env PORT=$PORT SERVE_DISPLAY_HZ= $ARM_ENV ${SERVER_ENV:-} setsid ./serve-fast.sh wa "${EXTRA[@]}" > "$LOG" 2>&1 < /dev/null  (wd: ~/tools/sglang-rs2)
[A1] stopped 19:40:25; gpu mem: 3322 MiB
[abba-rs2] B1 (rs) queued 19:40:55
[B1] MemAvailable 203G ok
[B1] start 19:42:48 mode=rs samplings=lmstudio,greedy wt=/home/user/tools/sglang-rs2 commit=cf1e515722 env='SGLANG_ROUTER_FAST_TOPK=1 SGLANG_OPT_SPEC_SPARSE_VERIFY=1 SGLANG_OPT_SPEC_SPARSE_TOPK=1 SGLANG_OPT_GDN_FRONT_OVERLAP=1 SGLANG_OPT_DRAFT_MOE_GEMV=1 SGLANG_SPEC_MIN_P=1 SGLANG_RS_DRAFT_TOPK=64 SGLANG_OPT_SPEC_SPARSE_RS=1 PYTHONPATH=/home/user/tools/flashinfer-p3:/home/user/tools/sglang-rs2/python FLASHINFER_WORKSPACE_BASE=/home/user/.cache/sglang-rq2u2h FLASHINFER_P2_NO_NINJA=1 ' args='--speculative-use-rejection-sampling'
[B1] server up 19:45:36
[B1] mapped: /home/user/.cache/sglang-rq2u2h/.cache/flashinfer/0.6.17/120f/cached_ops/fused_moe_120/fused_moe_120.so
  => greedy prose-en.txt: median ms/step (unprofiled) 15.18  tok/step 4.65
  => sampling code-edit.txt: median ms/step (unprofiled) 12.85  tok/step 6.45
measured bn1-code-edit-01 1/1: 437.57 t/s
measured bn1-prose-en-01 1/1: 236.77 t/s
measured bn1-prose-ja-01 1/1: 255.46 t/s
measured bn1-agent-loop-01 1/1: 336.97 t/s
measured bn1-code-edit-02 1/1: 574.26 t/s
measured bn1-prose-en-02 1/1: 245.25 t/s
measured bn1-prose-ja-02 1/1: 233.61 t/s
measured bn1-agent-loop-02 1/1: 314.01 t/s
measured bn1-code-edit-03 1/1: 589.72 t/s
measured bn1-prose-en-03 1/1: 234.14 t/s
measured bn1-prose-ja-03 1/1: 327.06 t/s
measured bn1-agent-loop-03 1/1: 334.33 t/s
measured bn1-code-edit-04 1/1: 520.61 t/s
measured bn1-prose-en-04 1/1: 240.83 t/s
measured bn1-prose-ja-04 1/1: 254.00 t/s
measured bn1-agent-loop-04 1/1: 341.47 t/s
measured bn1-code-edit-05 1/1: 539.92 t/s
measured bn1-prose-en-05 1/1: 232.58 t/s
measured bn1-prose-ja-05 1/1: 246.78 t/s
measured bn1-agent-loop-05 1/1: 286.64 t/s
measured bn1-code-edit-06 1/1: 479.51 t/s
measured bn1-prose-en-06 1/1: 213.86 t/s
measured bn1-prose-ja-06 1/1: 251.91 t/s
measured bn1-agent-loop-06 1/1: 324.34 t/s
measured bn1-code-edit-07 1/1: 520.35 t/s
measured bn1-prose-en-07 1/1: 242.57 t/s
measured bn1-prose-ja-07 1/1: 232.03 t/s
measured bn1-agent-loop-07 1/1: 316.57 t/s
measured bn1-code-edit-08 1/1: 495.04 t/s
measured bn1-prose-en-08 1/1: 242.94 t/s
measured bn1-prose-ja-08 1/1: 236.26 t/s
measured bn1-agent-loop-08 1/1: 307.04 t/s
[B1] fnbench lmstudio rc=0 19:59:07
measured bn1-code-edit-01 1/1: 503.75 t/s
measured bn1-prose-en-01 1/1: 242.69 t/s
measured bn1-prose-ja-01 1/1: 264.00 t/s
measured bn1-agent-loop-01 1/1: 335.24 t/s
measured bn1-code-edit-02 1/1: 583.59 t/s
measured bn1-prose-en-02 1/1: 240.17 t/s
measured bn1-prose-ja-02 1/1: 246.62 t/s
measured bn1-agent-loop-02 1/1: 316.82 t/s
measured bn1-code-edit-03 1/1: 489.13 t/s
measured bn1-prose-en-03 1/1: 224.80 t/s
measured bn1-prose-ja-03 1/1: 243.22 t/s
measured bn1-agent-loop-03 1/1: 331.00 t/s
measured bn1-code-edit-04 1/1: 584.92 t/s
measured bn1-prose-en-04 1/1: 224.13 t/s
measured bn1-prose-ja-04 1/1: 259.95 t/s
measured bn1-agent-loop-04 1/1: 310.42 t/s
measured bn1-code-edit-05 1/1: 514.38 t/s
measured bn1-prose-en-05 1/1: 233.96 t/s
measured bn1-prose-ja-05 1/1: 241.72 t/s
measured bn1-agent-loop-05 1/1: 292.54 t/s
measured bn1-code-edit-06 1/1: 511.07 t/s
measured bn1-prose-en-06 1/1: 219.01 t/s
measured bn1-prose-ja-06 1/1: 240.05 t/s
measured bn1-agent-loop-06 1/1: 333.39 t/s
measured bn1-code-edit-07 1/1: 510.24 t/s
measured bn1-prose-en-07 1/1: 214.29 t/s
measured bn1-prose-ja-07 1/1: 223.74 t/s
measured bn1-agent-loop-07 1/1: 302.28 t/s
measured bn1-code-edit-08 1/1: 464.52 t/s
measured bn1-prose-en-08 1/1: 214.06 t/s
measured bn1-prose-ja-08 1/1: 235.21 t/s
measured bn1-agent-loop-08 1/1: 353.11 t/s
[B1] fnbench greedy rc=0 20:12:47
  start_profile: 200
  greedy   code-edit.txt  #0 chunks=  98 tokens= 600 tok/step=6.12 ms/step= 29.18 (profiled)
  sampling code-edit.txt  #0 chunks=  94 tokens= 600 tok/step=6.38 ms/step= 29.75 (profiled)
  sampling code-edit.txt  #1 chunks= 101 tokens= 600 tok/step=5.94 ms/step= 14.27
  => sampling code-edit.txt: median ms/step (unprofiled) 14.27  tok/step 6.16
  sampling prose-en.txt   #0 chunks= 192 tokens= 600 tok/step=3.12 ms/step= 21.05 (profiled)
  sampling prose-en.txt   #1 chunks= 207 tokens= 600 tok/step=2.90 ms/step= 12.60
  => sampling prose-en.txt: median ms/step (unprofiled) 12.60  tok/step 3.01
[B1] error lines in server log: 0
[B1] rs2 enabled lines: 1
[B1] draft MoE GEMV enabled lines: 1
[B1] ST1 lines: 0
[B1] dg1 gemv_k1           count    120  median  16.22 us
[B1] dg1 gemv_k2           count    120  median   9.86 us
[B1] dg1 cutlass_prologue  count    980  median   8.45 us
[B1] dg1 cutlass_act       count    980  median   3.62 us
[B1] rq B1-g-code-edit grid   96 (T=8): n=  980 p10   8.13 p50   8.45 p90   8.99 fast  99.6%
[B1] rs2 code-edit kernels in trace:  20 _chain_sampling_sparse_kernel; 140 _draft_finalize_kernel; 140 _draft_partial_topk_kernel; 20 _sparse_target_probs_kernel;
[B1] rs2 prose-en kernels in trace:  20 _chain_sampling_sparse_kernel; 140 _draft_finalize_kernel; 140 _draft_partial_topk_kernel; 20 _sparse_target_probs_kernel;
bench/rs2/arm_rs2.sh: 41 行: 459182 強制終了            env PORT=$PORT SERVE_DISPLAY_HZ= $ARM_ENV ${SERVER_ENV:-} setsid ./serve-fast.sh wa "${EXTRA[@]}" > "$LOG" 2>&1 < /dev/null  (wd: ~/tools/sglang-rs2)
[B1] stopped 20:13:08; gpu mem: 3444 MiB
[abba-rs2] B2 (rs) queued 20:13:38
[B2] MemAvailable 204G ok
[B2] start 20:30:13 mode=rs samplings=lmstudio,greedy wt=/home/user/tools/sglang-rs2 commit=cf1e515722 env='SGLANG_ROUTER_FAST_TOPK=1 SGLANG_OPT_SPEC_SPARSE_VERIFY=1 SGLANG_OPT_SPEC_SPARSE_TOPK=1 SGLANG_OPT_GDN_FRONT_OVERLAP=1 SGLANG_OPT_DRAFT_MOE_GEMV=1 SGLANG_SPEC_MIN_P=1 SGLANG_RS_DRAFT_TOPK=64 SGLANG_OPT_SPEC_SPARSE_RS=1 PYTHONPATH=/home/user/tools/flashinfer-p3:/home/user/tools/sglang-rs2/python FLASHINFER_WORKSPACE_BASE=/home/user/.cache/sglang-rq2u2h FLASHINFER_P2_NO_NINJA=1 ' args='--speculative-use-rejection-sampling'
[B2] server up 20:34:01
[B2] mapped: /home/user/.cache/sglang-rq2u2h/.cache/flashinfer/0.6.17/120f/cached_ops/fused_moe_120/fused_moe_120.so
  => greedy prose-en.txt: median ms/step (unprofiled) 15.39  tok/step 5.00
  => sampling code-edit.txt: median ms/step (unprofiled) 12.81  tok/step 6.67
measured bn1-code-edit-01 1/1: 454.77 t/s
measured bn1-prose-en-01 1/1: 229.82 t/s
measured bn1-prose-ja-01 1/1: 239.12 t/s
measured bn1-agent-loop-01 1/1: 316.37 t/s
measured bn1-code-edit-02 1/1: 563.57 t/s
measured bn1-prose-en-02 1/1: 246.70 t/s
measured bn1-prose-ja-02 1/1: 239.66 t/s
measured bn1-agent-loop-02 1/1: 312.26 t/s
measured bn1-code-edit-03 1/1: 502.87 t/s
measured bn1-prose-en-03 1/1: 233.86 t/s
measured bn1-prose-ja-03 1/1: 243.95 t/s
measured bn1-agent-loop-03 1/1: 339.51 t/s
measured bn1-code-edit-04 1/1: 498.25 t/s
measured bn1-prose-en-04 1/1: 230.66 t/s
measured bn1-prose-ja-04 1/1: 235.79 t/s
measured bn1-agent-loop-04 1/1: 345.19 t/s
measured bn1-code-edit-05 1/1: 579.37 t/s
measured bn1-prose-en-05 1/1: 238.08 t/s
measured bn1-prose-ja-05 1/1: 251.49 t/s
measured bn1-agent-loop-05 1/1: 331.04 t/s
measured bn1-code-edit-06 1/1: 526.95 t/s
measured bn1-prose-en-06 1/1: 241.39 t/s
measured bn1-prose-ja-06 1/1: 232.94 t/s
measured bn1-agent-loop-06 1/1: 373.46 t/s
measured bn1-code-edit-07 1/1: 602.38 t/s
measured bn1-prose-en-07 1/1: 230.64 t/s
measured bn1-prose-ja-07 1/1: 465.79 t/s
measured bn1-agent-loop-07 1/1: 339.97 t/s
measured bn1-code-edit-08 1/1: 449.99 t/s
measured bn1-prose-en-08 1/1: 238.63 t/s
measured bn1-prose-ja-08 1/1: 241.77 t/s
measured bn1-agent-loop-08 1/1: 303.14 t/s
[B2] fnbench lmstudio rc=0 20:47:15
measured bn1-code-edit-01 1/1: 526.55 t/s
measured bn1-prose-en-01 1/1: 230.74 t/s
measured bn1-prose-ja-01 1/1: 291.88 t/s
measured bn1-agent-loop-01 1/1: 329.43 t/s
measured bn1-code-edit-02 1/1: 569.15 t/s
measured bn1-prose-en-02 1/1: 244.17 t/s
measured bn1-prose-ja-02 1/1: 338.81 t/s
measured bn1-agent-loop-02 1/1: 320.17 t/s
measured bn1-code-edit-03 1/1: 593.34 t/s
measured bn1-prose-en-03 1/1: 243.23 t/s
measured bn1-prose-ja-03 1/1: 321.02 t/s
measured bn1-agent-loop-03 1/1: 336.14 t/s
measured bn1-code-edit-04 1/1: 560.53 t/s
measured bn1-prose-en-04 1/1: 238.48 t/s
measured bn1-prose-ja-04 1/1: 266.48 t/s
measured bn1-agent-loop-04 1/1: 331.94 t/s
measured bn1-code-edit-05 1/1: 621.19 t/s
measured bn1-prose-en-05 1/1: 233.17 t/s
measured bn1-prose-ja-05 1/1: 278.50 t/s
measured bn1-agent-loop-05 1/1: 328.57 t/s
measured bn1-code-edit-06 1/1: 565.37 t/s
measured bn1-prose-en-06 1/1: 237.77 t/s
measured bn1-prose-ja-06 1/1: 251.19 t/s
measured bn1-agent-loop-06 1/1: 345.33 t/s
measured bn1-code-edit-07 1/1: 490.42 t/s
measured bn1-prose-en-07 1/1: 233.04 t/s
measured bn1-prose-ja-07 1/1: 258.89 t/s
measured bn1-agent-loop-07 1/1: 375.61 t/s
measured bn1-code-edit-08 1/1: 566.91 t/s
measured bn1-prose-en-08 1/1: 238.94 t/s
measured bn1-prose-ja-08 1/1: 251.54 t/s
measured bn1-agent-loop-08 1/1: 365.43 t/s
[B2] fnbench greedy rc=0 20:59:51
  start_profile: 200
  greedy   code-edit.txt  #0 chunks=  96 tokens= 600 tok/step=6.25 ms/step= 29.03 (profiled)
  sampling code-edit.txt  #0 chunks=  95 tokens= 600 tok/step=6.32 ms/step= 28.36 (profiled)
  sampling code-edit.txt  #1 chunks=  92 tokens= 600 tok/step=6.52 ms/step= 12.84
  => sampling code-edit.txt: median ms/step (unprofiled) 12.84  tok/step 6.42
  sampling prose-en.txt   #0 chunks= 204 tokens= 600 tok/step=2.94 ms/step= 18.83 (profiled)
  sampling prose-en.txt   #1 chunks= 221 tokens= 600 tok/step=2.71 ms/step=  9.84
  => sampling prose-en.txt: median ms/step (unprofiled) 9.84  tok/step 2.83
[B2] error lines in server log: 0
[B2] rs2 enabled lines: 1
[B2] draft MoE GEMV enabled lines: 1
[B2] ST1 lines: 0
[B2] dg1 gemv_k1           count    120  median  16.22 us
[B2] dg1 gemv_k2           count    120  median   9.76 us
[B2] dg1 cutlass_prologue  count    980  median   8.38 us
[B2] dg1 cutlass_act       count    980  median   3.55 us
[B2] rq B2-g-code-edit grid   96 (T=8): n=  980 p10   8.00 p50   8.38 p90   8.96 fast  99.4%
[B2] rs2 code-edit kernels in trace:  20 _chain_sampling_sparse_kernel; 140 _draft_finalize_kernel; 140 _draft_partial_topk_kernel; 20 _sparse_target_probs_kernel;
[B2] rs2 prose-en kernels in trace:  20 _chain_sampling_sparse_kernel; 140 _draft_finalize_kernel; 140 _draft_partial_topk_kernel; 20 _sparse_target_probs_kernel;
bench/rs2/arm_rs2.sh: 41 行: 484151 強制終了            env PORT=$PORT SERVE_DISPLAY_HZ= $ARM_ENV ${SERVER_ENV:-} setsid ./serve-fast.sh wa "${EXTRA[@]}" > "$LOG" 2>&1 < /dev/null  (wd: ~/tools/sglang-rs2)
[B2] stopped 21:00:12; gpu mem: 3393 MiB
[abba-rs2] A2 (to) queued 21:00:42
[A2] MemAvailable 197G ok
[A2] start 21:00:42 mode=to samplings=lmstudio,greedy wt=/home/user/tools/sglang-rs2 commit=cf1e515722 env='SGLANG_ROUTER_FAST_TOPK=1 SGLANG_OPT_SPEC_SPARSE_VERIFY=1 SGLANG_OPT_SPEC_SPARSE_TOPK=1 SGLANG_OPT_GDN_FRONT_OVERLAP=1 SGLANG_OPT_DRAFT_MOE_GEMV=1 SGLANG_SPEC_MIN_P=1 PYTHONPATH=/home/user/tools/flashinfer-p3:/home/user/tools/sglang-rs2/python FLASHINFER_WORKSPACE_BASE=/home/user/.cache/sglang-rq2u2h FLASHINFER_P2_NO_NINJA=1 ' args=''
[A2] server up 21:04:42
[A2] mapped: /home/user/.cache/sglang-rq2u2h/.cache/flashinfer/0.6.17/120f/cached_ops/fused_moe_120/fused_moe_120.so
  => greedy prose-en.txt: median ms/step (unprofiled) 15.05  tok/step 4.88
  => sampling code-edit.txt: median ms/step (unprofiled) 12.69  tok/step 5.88
measured bn1-code-edit-01 1/1: 522.16 t/s
measured bn1-prose-en-01 1/1: 227.53 t/s
measured bn1-prose-ja-01 1/1: 227.73 t/s
measured bn1-agent-loop-01 1/1: 328.79 t/s
measured bn1-code-edit-02 1/1: 625.12 t/s
measured bn1-prose-en-02 1/1: 219.41 t/s
measured bn1-prose-ja-02 1/1: 239.91 t/s
measured bn1-agent-loop-02 1/1: 289.69 t/s
measured bn1-code-edit-03 1/1: 605.09 t/s
measured bn1-prose-en-03 1/1: 220.17 t/s
measured bn1-prose-ja-03 1/1: 243.31 t/s
measured bn1-agent-loop-03 1/1: 314.72 t/s
measured bn1-code-edit-04 1/1: 571.05 t/s
measured bn1-prose-en-04 1/1: 220.42 t/s
measured bn1-prose-ja-04 1/1: 232.51 t/s
measured bn1-agent-loop-04 1/1: 324.61 t/s
measured bn1-code-edit-05 1/1: 594.27 t/s
measured bn1-prose-en-05 1/1: 217.52 t/s
measured bn1-prose-ja-05 1/1: 233.95 t/s
measured bn1-agent-loop-05 1/1: 330.42 t/s
measured bn1-code-edit-06 1/1: 502.93 t/s
measured bn1-prose-en-06 1/1: 220.76 t/s
measured bn1-prose-ja-06 1/1: 228.96 t/s
measured bn1-agent-loop-06 1/1: 302.39 t/s
measured bn1-code-edit-07 1/1: 583.29 t/s
measured bn1-prose-en-07 1/1: 215.65 t/s
measured bn1-prose-ja-07 1/1: 217.62 t/s
measured bn1-agent-loop-07 1/1: 292.89 t/s
measured bn1-code-edit-08 1/1: 552.06 t/s
measured bn1-prose-en-08 1/1: 222.50 t/s
measured bn1-prose-ja-08 1/1: 241.57 t/s
measured bn1-agent-loop-08 1/1: 324.32 t/s
[A2] fnbench lmstudio rc=0 21:18:21
measured bn1-code-edit-01 1/1: 581.71 t/s
measured bn1-prose-en-01 1/1: 235.31 t/s
measured bn1-prose-ja-01 1/1: 279.57 t/s
measured bn1-agent-loop-01 1/1: 329.56 t/s
measured bn1-code-edit-02 1/1: 583.60 t/s
measured bn1-prose-en-02 1/1: 244.89 t/s
measured bn1-prose-ja-02 1/1: 271.56 t/s
measured bn1-agent-loop-02 1/1: 351.31 t/s
measured bn1-code-edit-03 1/1: 540.70 t/s
measured bn1-prose-en-03 1/1: 239.47 t/s
measured bn1-prose-ja-03 1/1: 284.60 t/s
measured bn1-agent-loop-03 1/1: 346.97 t/s
measured bn1-code-edit-04 1/1: 599.07 t/s
measured bn1-prose-en-04 1/1: 242.08 t/s
measured bn1-prose-ja-04 1/1: 244.47 t/s
measured bn1-agent-loop-04 1/1: 359.82 t/s
measured bn1-code-edit-05 1/1: 572.74 t/s
measured bn1-prose-en-05 1/1: 243.75 t/s
measured bn1-prose-ja-05 1/1: 243.22 t/s
measured bn1-agent-loop-05 1/1: 373.12 t/s
measured bn1-code-edit-06 1/1: 460.48 t/s
measured bn1-prose-en-06 1/1: 246.87 t/s
measured bn1-prose-ja-06 1/1: 258.08 t/s
measured bn1-agent-loop-06 1/1: 613.47 t/s
measured bn1-code-edit-07 1/1: 533.51 t/s
measured bn1-prose-en-07 1/1: 237.49 t/s
measured bn1-prose-ja-07 1/1: 337.32 t/s
measured bn1-agent-loop-07 1/1: 352.50 t/s
measured bn1-code-edit-08 1/1: 606.11 t/s
measured bn1-prose-en-08 1/1: 249.00 t/s
measured bn1-prose-ja-08 1/1: 258.14 t/s
measured bn1-agent-loop-08 1/1: 374.26 t/s
[A2] fnbench greedy rc=0 21:30:44
  start_profile: 200
  greedy   code-edit.txt  #0 chunks=  97 tokens= 600 tok/step=6.19 ms/step= 27.67 (profiled)
  sampling code-edit.txt  #0 chunks=  99 tokens= 600 tok/step=6.06 ms/step= 26.19 (profiled)
  sampling code-edit.txt  #1 chunks= 108 tokens= 600 tok/step=5.56 ms/step= 12.59
  => sampling code-edit.txt: median ms/step (unprofiled) 12.59  tok/step 5.81
  sampling prose-en.txt   #0 chunks= 207 tokens= 600 tok/step=2.90 ms/step= 18.28 (profiled)
  sampling prose-en.txt   #1 chunks= 249 tokens= 600 tok/step=2.41 ms/step=  9.76
  => sampling prose-en.txt: median ms/step (unprofiled) 9.76  tok/step 2.65
[A2] error lines in server log: 0
[A2] rs2 enabled lines: 0
[A2] draft MoE GEMV enabled lines: 1
[A2] ST1 lines: 0
[A2] dg1 gemv_k1           count    120  median  16.53 us
[A2] dg1 gemv_k2           count    120  median   9.66 us
[A2] dg1 cutlass_prologue  count    980  median   8.35 us
[A2] dg1 cutlass_act       count    980  median   3.58 us
[A2] rq A2-g-code-edit grid   96 (T=8): n=  980 p10   7.94 p50   8.35 p90   8.96 fast  99.4%
[A2] rs2 code-edit kernels in trace:  20 _sparse_target_probs_kernel; 20 _tree_sampling_target_only_sparse_kernel;
[A2] rs2 prose-en kernels in trace:  20 _sparse_target_probs_kernel; 20 _tree_sampling_target_only_sparse_kernel;
bench/rs2/arm_rs2.sh: 41 行: 500689 強制終了            env PORT=$PORT SERVE_DISPLAY_HZ= $ARM_ENV ${SERVER_ENV:-} setsid ./serve-fast.sh wa "${EXTRA[@]}" > "$LOG" 2>&1 < /dev/null  (wd: ~/tools/sglang-rs2)
[A2] stopped 21:31:05; gpu mem: 3367 MiB
[abba-rs2] B3 (rs) queued 21:31:35
[B3] MemAvailable 200G ok
[B3] start 21:31:35 mode=rs samplings=lmstudio,greedy wt=/home/user/tools/sglang-rs2 commit=cf1e515722 env='SGLANG_ROUTER_FAST_TOPK=1 SGLANG_OPT_SPEC_SPARSE_VERIFY=1 SGLANG_OPT_SPEC_SPARSE_TOPK=1 SGLANG_OPT_GDN_FRONT_OVERLAP=1 SGLANG_OPT_DRAFT_MOE_GEMV=1 SGLANG_SPEC_MIN_P=1 SGLANG_RS_DRAFT_TOPK=64 SGLANG_OPT_SPEC_SPARSE_RS=1 PYTHONPATH=/home/user/tools/flashinfer-p3:/home/user/tools/sglang-rs2/python FLASHINFER_WORKSPACE_BASE=/home/user/.cache/sglang-rq2u2h FLASHINFER_P2_NO_NINJA=1 ' args='--speculative-use-rejection-sampling'
[B3] server up 21:35:31
[B3] mapped: /home/user/.cache/sglang-rq2u2h/.cache/flashinfer/0.6.17/120f/cached_ops/fused_moe_120/fused_moe_120.so
  => greedy prose-en.txt: median ms/step (unprofiled) 15.92  tok/step 4.44
  => sampling code-edit.txt: median ms/step (unprofiled) 13.07  tok/step 6.25
measured bn1-code-edit-01 1/1: 477.57 t/s
measured bn1-prose-en-01 1/1: 235.47 t/s
measured bn1-prose-ja-01 1/1: 255.39 t/s
measured bn1-agent-loop-01 1/1: 331.99 t/s
measured bn1-code-edit-02 1/1: 541.72 t/s
measured bn1-prose-en-02 1/1: 239.87 t/s
measured bn1-prose-ja-02 1/1: 233.73 t/s
measured bn1-agent-loop-02 1/1: 323.83 t/s
measured bn1-code-edit-03 1/1: 454.50 t/s
measured bn1-prose-en-03 1/1: 239.58 t/s
measured bn1-prose-ja-03 1/1: 247.46 t/s
measured bn1-agent-loop-03 1/1: 340.87 t/s
measured bn1-code-edit-04 1/1: 586.02 t/s
measured bn1-prose-en-04 1/1: 241.45 t/s
measured bn1-prose-ja-04 1/1: 244.80 t/s
measured bn1-agent-loop-04 1/1: 323.37 t/s
measured bn1-code-edit-05 1/1: 638.96 t/s
measured bn1-prose-en-05 1/1: 240.58 t/s
measured bn1-prose-ja-05 1/1: 242.01 t/s
measured bn1-agent-loop-05 1/1: 318.03 t/s
measured bn1-code-edit-06 1/1: 467.89 t/s
measured bn1-prose-en-06 1/1: 239.61 t/s
measured bn1-prose-ja-06 1/1: 237.10 t/s
measured bn1-agent-loop-06 1/1: 319.60 t/s
measured bn1-code-edit-07 1/1: 415.76 t/s
measured bn1-prose-en-07 1/1: 233.61 t/s
measured bn1-prose-ja-07 1/1: 239.88 t/s
measured bn1-agent-loop-07 1/1: 300.75 t/s
measured bn1-code-edit-08 1/1: 572.33 t/s
measured bn1-prose-en-08 1/1: 241.27 t/s
measured bn1-prose-ja-08 1/1: 255.42 t/s
measured bn1-agent-loop-08 1/1: 309.25 t/s
[B3] fnbench lmstudio rc=0 21:48:58
measured bn1-code-edit-01 1/1: 525.97 t/s
measured bn1-prose-en-01 1/1: 238.92 t/s
measured bn1-prose-ja-01 1/1: 264.88 t/s
measured bn1-agent-loop-01 1/1: 334.78 t/s
measured bn1-code-edit-02 1/1: 538.70 t/s
measured bn1-prose-en-02 1/1: 248.36 t/s
measured bn1-prose-ja-02 1/1: 256.08 t/s
measured bn1-agent-loop-02 1/1: 311.21 t/s
measured bn1-code-edit-03 1/1: 604.90 t/s
measured bn1-prose-en-03 1/1: 240.96 t/s
measured bn1-prose-ja-03 1/1: 254.98 t/s
measured bn1-agent-loop-03 1/1: 345.10 t/s
measured bn1-code-edit-04 1/1: 575.59 t/s
measured bn1-prose-en-04 1/1: 236.36 t/s
measured bn1-prose-ja-04 1/1: 244.03 t/s
measured bn1-agent-loop-04 1/1: 355.99 t/s
measured bn1-code-edit-05 1/1: 501.51 t/s
measured bn1-prose-en-05 1/1: 248.86 t/s
measured bn1-prose-ja-05 1/1: 317.69 t/s
measured bn1-agent-loop-05 1/1: 342.56 t/s
measured bn1-code-edit-06 1/1: 639.67 t/s
measured bn1-prose-en-06 1/1: 253.27 t/s
measured bn1-prose-ja-06 1/1: 253.62 t/s
measured bn1-agent-loop-06 1/1: 357.09 t/s
measured bn1-code-edit-07 1/1: 587.69 t/s
measured bn1-prose-en-07 1/1: 245.08 t/s
measured bn1-prose-ja-07 1/1: 249.07 t/s
measured bn1-agent-loop-07 1/1: 371.54 t/s
measured bn1-code-edit-08 1/1: 605.06 t/s
measured bn1-prose-en-08 1/1: 256.69 t/s
measured bn1-prose-ja-08 1/1: 243.91 t/s
measured bn1-agent-loop-08 1/1: 337.05 t/s
[B3] fnbench greedy rc=0 22:01:34
  start_profile: 200
  greedy   code-edit.txt  #0 chunks= 125 tokens= 600 tok/step=4.80 ms/step= 21.89 (profiled)
  sampling code-edit.txt  #0 chunks=  99 tokens= 600 tok/step=6.06 ms/step= 26.74 (profiled)
  sampling code-edit.txt  #1 chunks=  97 tokens= 600 tok/step=6.19 ms/step= 12.71
  => sampling code-edit.txt: median ms/step (unprofiled) 12.71  tok/step 6.12
  sampling prose-en.txt   #0 chunks= 211 tokens= 600 tok/step=2.84 ms/step= 17.77 (profiled)
  sampling prose-en.txt   #1 chunks= 221 tokens= 600 tok/step=2.71 ms/step=  9.72
  => sampling prose-en.txt: median ms/step (unprofiled) 9.72  tok/step 2.78
[B3] error lines in server log: 0
[B3] rs2 enabled lines: 1
[B3] draft MoE GEMV enabled lines: 1
[B3] ST1 lines: 0
[B3] dg1 gemv_k1           count     40  median  16.48 us
[B3] dg1 gemv_k2           count     40  median   9.89 us
[B3] dg1 cutlass_prologue  count    980  median   8.42 us
[B3] dg1 cutlass_act       count    980  median   3.62 us
[B3] rq B3-g-code-edit grid   56 (T=4): n=  980 p10   7.14 p50   8.42 p90   9.09 fast  98.7%
[B3] rs2 code-edit kernels in trace:  20 _chain_sampling_sparse_kernel; 140 _draft_finalize_kernel; 140 _draft_partial_topk_kernel; 20 _sparse_target_probs_kernel;
[B3] rs2 prose-en kernels in trace:  20 _chain_sampling_sparse_kernel; 140 _draft_finalize_kernel; 140 _draft_partial_topk_kernel; 20 _sparse_target_probs_kernel;
bench/rs2/arm_rs2.sh: 41 行: 528393 強制終了            env PORT=$PORT SERVE_DISPLAY_HZ= $ARM_ENV ${SERVER_ENV:-} setsid ./serve-fast.sh wa "${EXTRA[@]}" > "$LOG" 2>&1 < /dev/null  (wd: ~/tools/sglang-rs2)
[B3] stopped 22:01:56; gpu mem: 3363 MiB
[abba-rs2] A3 (to) queued 22:02:26
[A3] MemAvailable 200G ok
[A3] start 22:02:26 mode=to samplings=lmstudio,greedy wt=/home/user/tools/sglang-rs2 commit=cf1e515722 env='SGLANG_ROUTER_FAST_TOPK=1 SGLANG_OPT_SPEC_SPARSE_VERIFY=1 SGLANG_OPT_SPEC_SPARSE_TOPK=1 SGLANG_OPT_GDN_FRONT_OVERLAP=1 SGLANG_OPT_DRAFT_MOE_GEMV=1 SGLANG_SPEC_MIN_P=1 PYTHONPATH=/home/user/tools/flashinfer-p3:/home/user/tools/sglang-rs2/python FLASHINFER_WORKSPACE_BASE=/home/user/.cache/sglang-rq2u2h FLASHINFER_P2_NO_NINJA=1 ' args=''
[A3] server up 22:05:30
[A3] mapped: /home/user/.cache/sglang-rq2u2h/.cache/flashinfer/0.6.17/120f/cached_ops/fused_moe_120/fused_moe_120.so
  => greedy prose-en.txt: median ms/step (unprofiled) 15.10  tok/step 4.76
  => sampling code-edit.txt: median ms/step (unprofiled) 13.95  tok/step 4.44
measured bn1-code-edit-01 1/1: 557.84 t/s
measured bn1-prose-en-01 1/1: 219.50 t/s
measured bn1-prose-ja-01 1/1: 224.24 t/s
measured bn1-agent-loop-01 1/1: 323.99 t/s
measured bn1-code-edit-02 1/1: 619.07 t/s
measured bn1-prose-en-02 1/1: 222.46 t/s
measured bn1-prose-ja-02 1/1: 228.90 t/s
measured bn1-agent-loop-02 1/1: 321.93 t/s
measured bn1-code-edit-03 1/1: 579.49 t/s
measured bn1-prose-en-03 1/1: 222.68 t/s
measured bn1-prose-ja-03 1/1: 226.49 t/s
measured bn1-agent-loop-03 1/1: 343.96 t/s
measured bn1-code-edit-04 1/1: 590.34 t/s
measured bn1-prose-en-04 1/1: 227.01 t/s
measured bn1-prose-ja-04 1/1: 235.54 t/s
measured bn1-agent-loop-04 1/1: 311.91 t/s
measured bn1-code-edit-05 1/1: 634.25 t/s
measured bn1-prose-en-05 1/1: 224.45 t/s
measured bn1-prose-ja-05 1/1: 235.81 t/s
measured bn1-agent-loop-05 1/1: 288.43 t/s
measured bn1-code-edit-06 1/1: 512.39 t/s
measured bn1-prose-en-06 1/1: 223.88 t/s
measured bn1-prose-ja-06 1/1: 232.35 t/s
measured bn1-agent-loop-06 1/1: 282.51 t/s
measured bn1-code-edit-07 1/1: 561.03 t/s
measured bn1-prose-en-07 1/1: 215.95 t/s
measured bn1-prose-ja-07 1/1: 232.38 t/s
measured bn1-agent-loop-07 1/1: 325.09 t/s
measured bn1-code-edit-08 1/1: 603.71 t/s
measured bn1-prose-en-08 1/1: 217.24 t/s
measured bn1-prose-ja-08 1/1: 234.53 t/s
measured bn1-agent-loop-08 1/1: 314.97 t/s
[A3] fnbench lmstudio rc=0 22:19:09
measured bn1-code-edit-01 1/1: 485.92 t/s
measured bn1-prose-en-01 1/1: 229.44 t/s
measured bn1-prose-ja-01 1/1: 250.08 t/s
measured bn1-agent-loop-01 1/1: 337.53 t/s
measured bn1-code-edit-02 1/1: 571.39 t/s
measured bn1-prose-en-02 1/1: 233.99 t/s
measured bn1-prose-ja-02 1/1: 254.32 t/s
measured bn1-agent-loop-02 1/1: 311.77 t/s
measured bn1-code-edit-03 1/1: 618.21 t/s
measured bn1-prose-en-03 1/1: 240.07 t/s
measured bn1-prose-ja-03 1/1: 253.63 t/s
measured bn1-agent-loop-03 1/1: 335.68 t/s
measured bn1-code-edit-04 1/1: 498.15 t/s
measured bn1-prose-en-04 1/1: 220.11 t/s
measured bn1-prose-ja-04 1/1: 245.71 t/s
measured bn1-agent-loop-04 1/1: 348.01 t/s
measured bn1-code-edit-05 1/1: 606.99 t/s
measured bn1-prose-en-05 1/1: 235.41 t/s
measured bn1-prose-ja-05 1/1: 239.96 t/s
measured bn1-agent-loop-05 1/1: 346.21 t/s
measured bn1-code-edit-06 1/1: 502.40 t/s
measured bn1-prose-en-06 1/1: 236.57 t/s
measured bn1-prose-ja-06 1/1: 339.20 t/s
measured bn1-agent-loop-06 1/1: 301.25 t/s
measured bn1-code-edit-07 1/1: 577.62 t/s
measured bn1-prose-en-07 1/1: 229.19 t/s
measured bn1-prose-ja-07 1/1: 269.54 t/s
measured bn1-agent-loop-07 1/1: 354.53 t/s
measured bn1-code-edit-08 1/1: 610.26 t/s
measured bn1-prose-en-08 1/1: 248.64 t/s
measured bn1-prose-ja-08 1/1: 268.60 t/s
measured bn1-agent-loop-08 1/1: 325.79 t/s
[A3] fnbench greedy rc=0 22:32:05
  start_profile: 200
  greedy   code-edit.txt  #0 chunks= 112 tokens= 600 tok/step=5.36 ms/step= 24.97 (profiled)
  sampling code-edit.txt  #0 chunks=  97 tokens= 600 tok/step=6.19 ms/step= 27.41 (profiled)
  sampling code-edit.txt  #1 chunks=  98 tokens= 600 tok/step=6.12 ms/step= 13.42
  => sampling code-edit.txt: median ms/step (unprofiled) 13.42  tok/step 6.15
  sampling prose-en.txt   #0 chunks= 215 tokens= 600 tok/step=2.79 ms/step= 18.11 (profiled)
  sampling prose-en.txt   #1 chunks= 259 tokens= 600 tok/step=2.32 ms/step= 10.32
  => sampling prose-en.txt: median ms/step (unprofiled) 10.32  tok/step 2.55
[A3] error lines in server log: 0
[A3] rs2 enabled lines: 0
[A3] draft MoE GEMV enabled lines: 1
[A3] ST1 lines: 0
[A3] dg1 gemv_k1           count    112  median  16.43 us
[A3] dg1 gemv_k2           count    112  median   9.92 us
[A3] dg1 cutlass_prologue  count    980  median   8.32 us
[A3] dg1 cutlass_act       count    980  median   3.55 us
[A3] rq A3-g-code-edit grid   56 (T=4): n=   98 p10   7.04 p50   8.43 p90   9.31 fast  99.0%
[A3] rq A3-g-code-edit grid   96 (T=8): n=  882 p10   7.90 p50   8.32 p90   8.93 fast  99.1%
[A3] rs2 code-edit kernels in trace:  20 _sparse_target_probs_kernel; 20 _tree_sampling_target_only_sparse_kernel;
[A3] rs2 prose-en kernels in trace:  20 _sparse_target_probs_kernel; 20 _tree_sampling_target_only_sparse_kernel;
bench/rs2/arm_rs2.sh: 41 行: 551478 強制終了            env PORT=$PORT SERVE_DISPLAY_HZ= $ARM_ENV ${SERVER_ENV:-} setsid ./serve-fast.sh wa "${EXTRA[@]}" > "$LOG" 2>&1 < /dev/null  (wd: ~/tools/sglang-rs2)
[A3] stopped 22:32:26; gpu mem: 3397 MiB
[abba-rs2] A4 (to) queued 22:32:56
[A4] MemAvailable 200G ok
[A4] start 22:32:56 mode=to samplings=lmstudio,greedy wt=/home/user/tools/sglang-rs2 commit=cf1e515722 env='SGLANG_ROUTER_FAST_TOPK=1 SGLANG_OPT_SPEC_SPARSE_VERIFY=1 SGLANG_OPT_SPEC_SPARSE_TOPK=1 SGLANG_OPT_GDN_FRONT_OVERLAP=1 SGLANG_OPT_DRAFT_MOE_GEMV=1 SGLANG_SPEC_MIN_P=1 PYTHONPATH=/home/user/tools/flashinfer-p3:/home/user/tools/sglang-rs2/python FLASHINFER_WORKSPACE_BASE=/home/user/.cache/sglang-rq2u2h FLASHINFER_P2_NO_NINJA=1 ' args=''
[A4] server up 22:36:16
[A4] mapped: /home/user/.cache/sglang-rq2u2h/.cache/flashinfer/0.6.17/120f/cached_ops/fused_moe_120/fused_moe_120.so
  => greedy prose-en.txt: median ms/step (unprofiled) 15.29  tok/step 4.76
  => sampling code-edit.txt: median ms/step (unprofiled) 13.31  tok/step 6.45
measured bn1-code-edit-01 1/1: 485.70 t/s
measured bn1-prose-en-01 1/1: 216.55 t/s
measured bn1-prose-ja-01 1/1: 216.03 t/s
measured bn1-agent-loop-01 1/1: 288.33 t/s
measured bn1-code-edit-02 1/1: 521.71 t/s
measured bn1-prose-en-02 1/1: 207.50 t/s
measured bn1-prose-ja-02 1/1: 240.08 t/s
measured bn1-agent-loop-02 1/1: 318.52 t/s
measured bn1-code-edit-03 1/1: 594.26 t/s
measured bn1-prose-en-03 1/1: 198.50 t/s
measured bn1-prose-ja-03 1/1: 209.88 t/s
measured bn1-agent-loop-03 1/1: 307.28 t/s
measured bn1-code-edit-04 1/1: 515.40 t/s
measured bn1-prose-en-04 1/1: 219.42 t/s
measured bn1-prose-ja-04 1/1: 226.09 t/s
measured bn1-agent-loop-04 1/1: 328.31 t/s
measured bn1-code-edit-05 1/1: 501.75 t/s
measured bn1-prose-en-05 1/1: 212.93 t/s
measured bn1-prose-ja-05 1/1: 224.83 t/s
measured bn1-agent-loop-05 1/1: 311.09 t/s
measured bn1-code-edit-06 1/1: 482.45 t/s
measured bn1-prose-en-06 1/1: 215.30 t/s
measured bn1-prose-ja-06 1/1: 217.97 t/s
measured bn1-agent-loop-06 1/1: 282.08 t/s
measured bn1-code-edit-07 1/1: 544.37 t/s
measured bn1-prose-en-07 1/1: 204.42 t/s
measured bn1-prose-ja-07 1/1: 228.59 t/s
measured bn1-agent-loop-07 1/1: 331.41 t/s
measured bn1-code-edit-08 1/1: 543.49 t/s
measured bn1-prose-en-08 1/1: 216.87 t/s
measured bn1-prose-ja-08 1/1: 226.72 t/s
measured bn1-agent-loop-08 1/1: 332.37 t/s
[A4] fnbench lmstudio rc=0 22:50:38
measured bn1-code-edit-01 1/1: 521.99 t/s
measured bn1-prose-en-01 1/1: 225.62 t/s
measured bn1-prose-ja-01 1/1: 185.02 t/s
measured bn1-agent-loop-01 1/1: 339.20 t/s
measured bn1-code-edit-02 1/1: 606.57 t/s
measured bn1-prose-en-02 1/1: 271.37 t/s
measured bn1-prose-ja-02 1/1: 252.24 t/s
measured bn1-agent-loop-02 1/1: 332.34 t/s
measured bn1-code-edit-03 1/1: 535.57 t/s
measured bn1-prose-en-03 1/1: 252.76 t/s
measured bn1-prose-ja-03 1/1: 271.68 t/s
measured bn1-agent-loop-03 1/1: 364.47 t/s
measured bn1-code-edit-04 1/1: 609.24 t/s
measured bn1-prose-en-04 1/1: 234.08 t/s
measured bn1-prose-ja-04 1/1: 274.33 t/s
measured bn1-agent-loop-04 1/1: 375.74 t/s
measured bn1-code-edit-05 1/1: 624.50 t/s
measured bn1-prose-en-05 1/1: 247.58 t/s
measured bn1-prose-ja-05 1/1: 248.56 t/s
measured bn1-agent-loop-05 1/1: 332.16 t/s
measured bn1-code-edit-06 1/1: 491.89 t/s
measured bn1-prose-en-06 1/1: 241.95 t/s
measured bn1-prose-ja-06 1/1: 256.55 t/s
measured bn1-agent-loop-06 1/1: 366.26 t/s
measured bn1-code-edit-07 1/1: 474.50 t/s
measured bn1-prose-en-07 1/1: 225.02 t/s
measured bn1-prose-ja-07 1/1: 245.91 t/s
measured bn1-agent-loop-07 1/1: 338.34 t/s
measured bn1-code-edit-08 1/1: 601.59 t/s
measured bn1-prose-en-08 1/1: 236.39 t/s
measured bn1-prose-ja-08 1/1: 253.38 t/s
measured bn1-agent-loop-08 1/1: 349.83 t/s
[A4] fnbench greedy rc=0 23:03:39
  start_profile: 200
  greedy   code-edit.txt  #0 chunks=  99 tokens= 600 tok/step=6.06 ms/step= 27.45 (profiled)
  sampling code-edit.txt  #0 chunks=  89 tokens= 600 tok/step=6.74 ms/step= 33.00 (profiled)
  sampling code-edit.txt  #1 chunks=  99 tokens= 600 tok/step=6.06 ms/step= 13.21
  => sampling code-edit.txt: median ms/step (unprofiled) 13.21  tok/step 6.40
  sampling prose-en.txt   #0 chunks= 220 tokens= 600 tok/step=2.73 ms/step= 17.04 (profiled)
  sampling prose-en.txt   #1 chunks= 240 tokens= 600 tok/step=2.50 ms/step= 10.18
  => sampling prose-en.txt: median ms/step (unprofiled) 10.18  tok/step 2.61
[A4] error lines in server log: 0
[A4] rs2 enabled lines: 0
[A4] draft MoE GEMV enabled lines: 1
[A4] ST1 lines: 0
[A4] dg1 gemv_k1           count    120  median  16.24 us
[A4] dg1 gemv_k2           count    120  median   9.78 us
[A4] dg1 cutlass_prologue  count    980  median   8.42 us
[A4] dg1 cutlass_act       count    980  median   3.62 us
[A4] rq A4-g-code-edit grid   96 (T=8): n=  980 p10   8.03 p50   8.42 p90   8.99 fast  99.4%
[A4] rs2 code-edit kernels in trace:  20 _sparse_target_probs_kernel; 20 _tree_sampling_target_only_sparse_kernel;
[A4] rs2 prose-en kernels in trace:  20 _sparse_target_probs_kernel; 20 _tree_sampling_target_only_sparse_kernel;
bench/rs2/arm_rs2.sh: 41 行: 571397 強制終了            env PORT=$PORT SERVE_DISPLAY_HZ= $ARM_ENV ${SERVER_ENV:-} setsid ./serve-fast.sh wa "${EXTRA[@]}" > "$LOG" 2>&1 < /dev/null  (wd: ~/tools/sglang-rs2)
[A4] stopped 23:04:00; gpu mem: 3424 MiB
[abba-rs2] B4 (rs) queued 23:04:30
[B4] MemAvailable 195G ok
[B4] start 23:04:36 mode=rs samplings=lmstudio,greedy wt=/home/user/tools/sglang-rs2 commit=cf1e515722 env='SGLANG_ROUTER_FAST_TOPK=1 SGLANG_OPT_SPEC_SPARSE_VERIFY=1 SGLANG_OPT_SPEC_SPARSE_TOPK=1 SGLANG_OPT_GDN_FRONT_OVERLAP=1 SGLANG_OPT_DRAFT_MOE_GEMV=1 SGLANG_SPEC_MIN_P=1 SGLANG_RS_DRAFT_TOPK=64 SGLANG_OPT_SPEC_SPARSE_RS=1 PYTHONPATH=/home/user/tools/flashinfer-p3:/home/user/tools/sglang-rs2/python FLASHINFER_WORKSPACE_BASE=/home/user/.cache/sglang-rq2u2h FLASHINFER_P2_NO_NINJA=1 ' args='--speculative-use-rejection-sampling'
[B4] server up 23:08:00
[B4] mapped: /home/user/.cache/sglang-rq2u2h/.cache/flashinfer/0.6.17/120f/cached_ops/fused_moe_120/fused_moe_120.so
  => greedy prose-en.txt: median ms/step (unprofiled) 17.37  tok/step 5.41
  => sampling code-edit.txt: median ms/step (unprofiled) 11.44  tok/step 4.35
measured bn1-code-edit-01 1/1: 511.76 t/s
measured bn1-prose-en-01 1/1: 225.98 t/s
measured bn1-prose-ja-01 1/1: 234.63 t/s
measured bn1-agent-loop-01 1/1: 334.55 t/s
measured bn1-code-edit-02 1/1: 591.34 t/s
measured bn1-prose-en-02 1/1: 243.89 t/s
measured bn1-prose-ja-02 1/1: 230.25 t/s
measured bn1-agent-loop-02 1/1: 296.07 t/s
measured bn1-code-edit-03 1/1: 588.55 t/s
measured bn1-prose-en-03 1/1: 221.12 t/s
measured bn1-prose-ja-03 1/1: 222.55 t/s
measured bn1-agent-loop-03 1/1: 316.36 t/s
measured bn1-code-edit-04 1/1: 531.35 t/s
measured bn1-prose-en-04 1/1: 232.08 t/s
measured bn1-prose-ja-04 1/1: 238.17 t/s
measured bn1-agent-loop-04 1/1: 282.83 t/s
measured bn1-code-edit-05 1/1: 558.23 t/s
measured bn1-prose-en-05 1/1: 227.92 t/s
measured bn1-prose-ja-05 1/1: 230.06 t/s
measured bn1-agent-loop-05 1/1: 341.13 t/s
measured bn1-code-edit-06 1/1: 513.94 t/s
measured bn1-prose-en-06 1/1: 238.92 t/s
measured bn1-prose-ja-06 1/1: 229.60 t/s
measured bn1-agent-loop-06 1/1: 288.77 t/s
measured bn1-code-edit-07 1/1: 520.33 t/s
measured bn1-prose-en-07 1/1: 231.59 t/s
measured bn1-prose-ja-07 1/1: 237.91 t/s
measured bn1-agent-loop-07 1/1: 318.65 t/s
measured bn1-code-edit-08 1/1: 553.97 t/s
measured bn1-prose-en-08 1/1: 239.34 t/s
measured bn1-prose-ja-08 1/1: 239.39 t/s
measured bn1-agent-loop-08 1/1: 323.75 t/s
[B4] fnbench lmstudio rc=0 23:21:16
measured bn1-code-edit-01 1/1: 502.65 t/s
measured bn1-prose-en-01 1/1: 230.93 t/s
measured bn1-prose-ja-01 1/1: 259.39 t/s
measured bn1-agent-loop-01 1/1: 350.17 t/s
measured bn1-code-edit-02 1/1: 585.79 t/s
measured bn1-prose-en-02 1/1: 299.11 t/s
measured bn1-prose-ja-02 1/1: 255.83 t/s
measured bn1-agent-loop-02 1/1: 342.44 t/s
measured bn1-code-edit-03 1/1: 623.40 t/s
measured bn1-prose-en-03 1/1: 231.80 t/s
measured bn1-prose-ja-03 1/1: 281.92 t/s
measured bn1-agent-loop-03 1/1: 329.31 t/s
measured bn1-code-edit-04 1/1: 593.96 t/s
measured bn1-prose-en-04 1/1: 241.30 t/s
measured bn1-prose-ja-04 1/1: 241.43 t/s
measured bn1-agent-loop-04 1/1: 322.66 t/s
measured bn1-code-edit-05 1/1: 617.60 t/s
measured bn1-prose-en-05 1/1: 236.97 t/s
measured bn1-prose-ja-05 1/1: 261.88 t/s
measured bn1-agent-loop-05 1/1: 348.56 t/s
measured bn1-code-edit-06 1/1: 512.09 t/s
measured bn1-prose-en-06 1/1: 241.99 t/s
measured bn1-prose-ja-06 1/1: 254.32 t/s
measured bn1-agent-loop-06 1/1: 346.17 t/s
measured bn1-code-edit-07 1/1: 564.72 t/s
measured bn1-prose-en-07 1/1: 255.55 t/s
measured bn1-prose-ja-07 1/1: 258.33 t/s
measured bn1-agent-loop-07 1/1: 329.68 t/s
measured bn1-code-edit-08 1/1: 554.29 t/s
measured bn1-prose-en-08 1/1: 239.29 t/s
measured bn1-prose-ja-08 1/1: 259.89 t/s
measured bn1-agent-loop-08 1/1: 345.51 t/s
[B4] fnbench greedy rc=0 23:33:52
  start_profile: 200
  greedy   code-edit.txt  #0 chunks= 100 tokens= 600 tok/step=6.00 ms/step= 27.13 (profiled)
  sampling code-edit.txt  #0 chunks=  87 tokens= 600 tok/step=6.90 ms/step= 33.56 (profiled)
  sampling code-edit.txt  #1 chunks=  99 tokens= 600 tok/step=6.06 ms/step= 12.66
  => sampling code-edit.txt: median ms/step (unprofiled) 12.66  tok/step 6.48
  sampling prose-en.txt   #0 chunks= 184 tokens= 600 tok/step=3.26 ms/step= 18.91 (profiled)
  sampling prose-en.txt   #1 chunks= 208 tokens= 600 tok/step=2.88 ms/step= 11.19
  => sampling prose-en.txt: median ms/step (unprofiled) 11.19  tok/step 3.07
[B4] error lines in server log: 0
[B4] rs2 enabled lines: 1
[B4] draft MoE GEMV enabled lines: 1
[B4] ST1 lines: 0
[B4] dg1 gemv_k1           count    120  median  16.22 us
[B4] dg1 gemv_k2           count    120  median   9.70 us
[B4] dg1 cutlass_prologue  count    980  median   8.38 us
[B4] dg1 cutlass_act       count    980  median   3.58 us
[B4] rq B4-g-code-edit grid   96 (T=8): n=  980 p10   7.97 p50   8.38 p90   8.99 fast  99.1%
[B4] rs2 code-edit kernels in trace:  20 _chain_sampling_sparse_kernel; 300 _draft_finalize_kernel; 300 _draft_partial_topk_kernel; 20 _sparse_target_probs_kernel;
[B4] rs2 prose-en kernels in trace:  20 _chain_sampling_sparse_kernel; 140 _draft_finalize_kernel; 140 _draft_partial_topk_kernel; 20 _sparse_target_probs_kernel;
bench/rs2/arm_rs2.sh: 41 行: 593123 強制終了            env PORT=$PORT SERVE_DISPLAY_HZ= $ARM_ENV ${SERVER_ENV:-} setsid ./serve-fast.sh wa "${EXTRA[@]}" > "$LOG" 2>&1 < /dev/null  (wd: ~/tools/sglang-rs2)
[B4] stopped 23:34:14; gpu mem: 3282 MiB
== ancova lmstudio
== lmstudio: 256 requests, 32 prompts, 4 workloads, 8 arms
  ms/token  B effect  -3.55%  [ -5.50 ..  -1.56]  resid sd 8.30%
            arm means (%): A1 +3.51  B1 -1.93  B2 -3.73  A2 +0.01  B3 -1.29  A3 -0.52  A4 +4.39  B4 -0.18
            arm level B effect  -3.55%  [ -7.26 ..  +0.30]  (5 dof, arm sd 2.15%)
  tok/step  B effect  +4.44%  [ +1.78 ..  +7.18]  resid sd 10.49%
            arm means (%): A1 -2.95  B1 +3.16  B2 +3.21  A2 -2.88  B3 +0.10  A3 -1.90  A4 -0.85  B4 +2.35
            arm level B effect  +4.44%  [ +1.92 ..  +7.03]  (5 dof, arm sd 1.35%)
  ms/step|a B effect  -0.27%  [ -1.26 ..  +0.73]  resid sd 3.73%  slopes 0.37 0.37 0.22 0.20
            arm means (%): A1 +1.58  B1 +0.52  B2 -1.26  A2 -2.29  B3 -1.03  A3 -2.20  A4 +3.45  B4 +1.37
            arm level B effect  -0.21%  [ -4.43 ..  +4.19]  (5 dof, arm sd 2.37%)
== ancova greedy
== greedy: 256 requests, 32 prompts, 4 workloads, 8 arms
  ms/token  B effect  +3.19%  [ +0.93 ..  +5.51]  resid sd 9.03%
            arm means (%): A1 -6.66  B1 +7.61  B2 -0.78  A2 -2.95  B3 -0.39  A3 +2.00  A4 +1.63  B4 +0.13
            arm level B effect  +3.19%  [ -4.54 .. +11.56]  (5 dof, arm sd 4.29%)
  tok/step  B effect  -1.66%  [ -4.13 ..  +0.88]  resid sd 10.35%
            arm means (%): A1 +0.80  B1 -1.44  B2 +0.54  A2 +2.79  B3 -1.00  A3 +0.87  A4 -1.07  B4 -1.42
            arm level B effect  -1.66%  [ -3.94 ..  +0.68]  (5 dof, arm sd 1.29%)
  ms/step|a B effect  +1.94%  [ +0.75 ..  +3.16]  resid sd 4.76%  slopes 0.29 0.22 0.21 0.26
            arm means (%): A1 -6.10  B1 +6.44  B2 -0.40  A2 -0.97  B3 -1.13  A3 +2.69  A4 +0.82  B4 -0.91
            arm level B effect  +1.92%  [ -5.23 ..  +9.60]  (5 dof, arm sd 4.00%)
== clipped R.eager (us/step, sampling traces)
A1-code-edit                     steps  20  R.eager clipped  122.3 us/step (raw  122.3)  top: flashinfer::sampling::Radi 27, at::index_elementwise_kern 16, _fused_conv_window_scatter 12, at::unrolled_elementwise_k 11, _tree_sampling_target_only 8, at::index_elementwise_kern 7
B1-code-edit                     steps  20  R.eager clipped  128.5 us/step (raw  183.3)  top: flashinfer::sampling::Radi 25, at::index_elementwise_kern 20, at::unrolled_elementwise_k 12, _fused_conv_window_scatter 12, at::index_elementwise_kern 11, _chain_sampling_sparse_ker 8
B2-code-edit                     steps  20  R.eager clipped  131.4 us/step (raw  131.4)  top: flashinfer::sampling::Radi 26, at::index_elementwise_kern 18, _fused_conv_window_scatter 12, at::unrolled_elementwise_k 11, at::index_elementwise_kern 11, _chain_sampling_sparse_ker 8
A2-code-edit                     steps  20  R.eager clipped  121.1 us/step (raw  121.1)  top: flashinfer::sampling::Radi 26, at::index_elementwise_kern 15, at::unrolled_elementwise_k 12, _fused_conv_window_scatter 12, _tree_sampling_target_only 7, at::index_elementwise_kern 7
B3-code-edit                     steps  20  R.eager clipped  125.7 us/step (raw  162.4)  top: flashinfer::sampling::Radi 25, at::index_elementwise_kern 18, _fused_conv_window_scatter 12, at::unrolled_elementwise_k 11, at::index_elementwise_kern 10, _chain_sampling_sparse_ker 8
A3-code-edit                     steps  20  R.eager clipped  119.6 us/step (raw  119.6)  top: flashinfer::sampling::Radi 26, at::index_elementwise_kern 16, _fused_conv_window_scatter 12, at::unrolled_elementwise_k 11, _tree_sampling_target_only 7, at::index_elementwise_kern 6
A4-code-edit                     steps  20  R.eager clipped  125.9 us/step (raw  156.3)  top: flashinfer::sampling::Radi 26, at::index_elementwise_kern 16, _fused_conv_window_scatter 12, at::unrolled_elementwise_k 12, _tree_sampling_target_only 8, at::index_elementwise_kern 6
B4-code-edit                     steps  20  R.eager clipped  137.7 us/step (raw  137.7)  top: flashinfer::sampling::Radi 27, at::index_elementwise_kern 19, _fused_conv_window_scatter 12, _chain_sampling_sparse_ker 11, at::unrolled_elementwise_k 11, at::index_elementwise_kern 10
A1-prose-en                      steps  20  R.eager clipped  119.5 us/step (raw  119.5)  top: flashinfer::sampling::Radi 27, at::index_elementwise_kern 15, at::unrolled_elementwise_k 12, _fused_conv_window_scatter 11, at::index_elementwise_kern 7, _tree_sampling_target_only 6
B1-prose-en                      steps  20  R.eager clipped  122.2 us/step (raw  214.7)  top: flashinfer::sampling::Radi 26, at::index_elementwise_kern 18, _fused_conv_window_scatter 11, at::unrolled_elementwise_k 9, at::index_elementwise_kern 9, _chain_sampling_sparse_ker 7
B2-prose-en                      steps  20  R.eager clipped  132.2 us/step (raw  145.7)  top: flashinfer::sampling::Radi 27, at::index_elementwise_kern 18, at::unrolled_elementwise_k 13, _fused_conv_window_scatter 12, at::index_elementwise_kern 11, _fused_mamba_state_scatter 5
A2-prose-en                      steps  20  R.eager clipped  122.0 us/step (raw  134.7)  top: flashinfer::sampling::Radi 26, at::index_elementwise_kern 16, at::unrolled_elementwise_k 13, _fused_conv_window_scatter 11, at::index_elementwise_kern 7, _tree_sampling_target_only 6
B3-prose-en                      steps  20  R.eager clipped  120.2 us/step (raw  131.0)  top: flashinfer::sampling::Radi 26, at::index_elementwise_kern 17, _fused_conv_window_scatter 11, at::unrolled_elementwise_k 9, at::index_elementwise_kern 9, _chain_sampling_sparse_ker 5
A3-prose-en                      steps  20  R.eager clipped  117.7 us/step (raw  117.7)  top: flashinfer::sampling::Radi 26, at::index_elementwise_kern 15, _fused_conv_window_scatter 12, at::unrolled_elementwise_k 11, at::index_elementwise_kern 6, _tree_sampling_target_only 5
A4-prose-en                      steps  20  R.eager clipped  110.9 us/step (raw  110.9)  top: flashinfer::sampling::Radi 26, at::index_elementwise_kern 15, _fused_conv_window_scatter 11, at::unrolled_elementwise_k 9, at::index_elementwise_kern 6, _tree_sampling_target_only 5
B4-prose-en                      steps  20  R.eager clipped  120.6 us/step (raw  143.7)  top: flashinfer::sampling::Radi 27, at::index_elementwise_kern 19, _fused_conv_window_scatter 11, at::index_elementwise_kern 10, at::unrolled_elementwise_k 9, _chain_sampling_sparse_ker 6
[abba-rs2] done 23:34:58
