[sv2-gpu1] start 12:58:16; waiting for chain4 pid=137285
[sv2-gpu1] lock wait 13:01:48
[sv2-gpu1] locked 13:01:48
[sv2-gpu1] gpu_check rc=0 13:02:31
[sv2-gpu1] topk_bench rc=0 13:02:49
[sv2-gpu1] unlocked 13:02:49
gpu_check correctness: 60 cases, 0 bad
dtype      n   kp mode    | torch eager / graph | sparse eager / graph
bfloat16   4   64 peaked  |    60.1 /    43.4 |    49.4 /    49.1
bfloat16   4   64 random  |    58.9 /    43.3 |    49.5 /    49.1
bfloat16   4  128 peaked  |    46.2 /    43.2 |    78.1 /    77.7
bfloat16   4  128 random  |    85.6 /    43.7 |    78.0 /    77.8
bfloat16   8   64 peaked  |    79.1 /    43.1 |    60.5 /    59.9
bfloat16   8   64 random  |    66.3 /    43.1 |    60.7 /    60.1
bfloat16   8  128 peaked  |    56.7 /    43.5 |   101.2 /   100.8
bfloat16   8  128 random  |    84.3 /    43.4 |   101.2 /   100.9
bfloat16  16   64 peaked  |    92.7 /    49.7 |    94.9 /    94.4
bfloat16  16   64 random  |    84.7 /    49.8 |    94.9 /    94.5
bfloat16  16  128 peaked  |    63.9 /    50.7 |   165.1 /   163.3
bfloat16  16  128 random  |    53.1 /    50.4 |   163.8 /   163.4
float32    4   64 peaked  |   107.7 /    63.5 |    57.5 /    57.1
float32    4   64 random  |   105.0 /    63.1 |    57.4 /    57.1
float32    4  128 peaked  |    95.1 /    63.7 |    79.7 /    79.1
float32    4  128 random  |    80.6 /    63.6 |    89.8 /    79.1
float32    8   64 peaked  |   116.4 /    61.0 |    70.4 /    70.0
float32    8   64 random  |   110.7 /    61.0 |    70.4 /    69.9
float32    8  128 peaked  |    74.8 /    61.3 |   103.6 /   103.1
float32    8  128 random  |    65.0 /    61.4 |   103.5 /   103.1
float32   16   64 peaked  |   133.9 /    68.2 |   130.6 /   130.0
float32   16   64 random  |    72.0 /    68.5 |   131.1 /   130.4
float32   16  128 peaked  |    96.5 /    68.7 |   181.2 /   170.7
float32   16  128 random  |    83.1 /    68.8 |   171.3 /   170.8
topk_bench correctness: 200 cases, 0 bad
k   n  mode    variant        graph   queued    sync  (us per call)
 64  1 randn   torch           55.49    71.02  246.17
 64  1 randn   triton          46.97    60.49  102.54
 64  1 randn   fi_sorted       30.19     44.3   85.41
 64  1 randn   fi_det_sorted   27.53    41.08  156.93
 64  1 randn   fi_unsorted     22.53    36.01  194.13
 64  1 peaked  torch           55.39    71.84  275.98
 64  1 peaked  triton          46.98     60.5  255.36
 64  1 peaked  fi_sorted        30.2    44.41  221.96
 64  1 peaked  fi_det_sorted   27.54    40.92   54.65
 64  1 peaked  fi_unsorted     22.73    36.16  199.26
 64  4 randn   torch           63.58    89.62  269.96
 64  4 randn   triton          57.25    71.19  175.78
 64  4 randn   fi_sorted       31.82    45.22  126.63
 64  4 randn   fi_det_sorted   28.03    42.19   75.89
 64  4 randn   fi_unsorted     23.12    37.19   97.08
 64  4 peaked  torch           63.58    79.23  257.43
 64  4 peaked  triton          57.24    70.99  246.09
 64  4 peaked  fi_sorted       31.83    46.86  164.93
 64  4 peaked  fi_det_sorted   28.05    42.15  149.38
 64  4 peaked  fi_unsorted     23.04    37.24  134.64
 64  8 randn   torch           60.94    79.18  145.69
 64  8 randn   triton          70.01    82.97  207.64
 64  8 randn   fi_sorted       33.49    49.53  146.35
 64  8 randn   fi_det_sorted   28.86    40.89   152.3
 64  8 randn   fi_unsorted     23.78    38.53  172.74
 64  8 peaked  torch            61.1    76.45  265.28
 64  8 peaked  triton          70.03    86.58  213.08
 64  8 peaked  fi_sorted        33.5    49.33  259.98
 64  8 peaked  fi_det_sorted   28.95     41.8  165.74
 64  8 peaked  fi_unsorted     23.75    38.72  118.42
 64 16 randn   torch           68.61     84.8   295.7
 64 16 randn   triton         130.23   145.38  319.46
 64 16 randn   fi_sorted       36.75    49.85  120.04
 64 16 randn   fi_det_sorted   30.42    47.38    97.7
 64 16 randn   fi_unsorted     25.19    42.01   59.37
 64 16 peaked  torch           68.38    84.51  186.38
 64 16 peaked  triton         136.95   144.95  329.96
 64 16 peaked  fi_sorted       36.74    50.29  133.99
 64 16 peaked  fi_det_sorted   30.52    46.65   74.71
 64 16 peaked  fi_unsorted     25.18    49.13   55.39
 64 32 randn   torch            90.0   109.44  259.95
 64 32 randn   triton         201.04   219.92  364.28
 64 32 randn   fi_sorted       57.44    74.93  185.87
 64 32 randn   fi_det_sorted   51.82    69.05  185.11
 64 32 randn   fi_unsorted     45.96    62.95  228.65
 64 32 peaked  torch           89.68    108.3  278.56
 64 32 peaked  triton         198.85   212.25  351.87
 64 32 peaked  fi_sorted       57.35    80.87  194.93
 64 32 peaked  fi_det_sorted   51.73    72.98  121.62
 64 32 peaked  fi_unsorted     45.87    63.09   90.83
128  1 randn   torch            55.3    81.38   200.8
128  1 randn   triton          65.63    85.53  142.18
128  1 randn   fi_sorted       30.73    48.77   61.81
128  1 randn   fi_det_sorted   27.56    41.23   83.67
128  1 randn   fi_unsorted     22.63    43.94   48.68
128  1 peaked  torch           55.27    82.73  121.13
128  1 peaked  triton          65.55    83.16  124.39
128  1 peaked  fi_sorted        30.8    48.15   65.05
128  1 peaked  fi_det_sorted   27.56    41.13   47.52
128  1 peaked  fi_unsorted     22.79    36.12   41.99
128  4 randn   torch           63.59    78.71   141.1
128  4 randn   triton          79.19    99.03  124.08
128  4 randn   fi_sorted       33.88    48.61   73.59
128  4 randn   fi_det_sorted   28.68    49.69   89.41
128  4 randn   fi_unsorted     23.75    37.45   47.67
128  4 peaked  torch           63.59    88.29  141.35
128  4 peaked  triton          79.13    92.23  147.49
128  4 peaked  fi_sorted       33.79    48.57    60.1
128  4 peaked  fi_det_sorted   28.66    42.78   67.11
128  4 peaked  fi_unsorted     23.66    37.55   45.88
128  8 randn   torch           61.22    78.93  201.84
128  8 randn   triton         103.21   119.22  235.17
128  8 randn   fi_sorted       35.73    54.34  169.71
128  8 randn   fi_det_sorted   29.06     44.3   60.04
128  8 randn   fi_unsorted     23.97    38.78   54.05
128  8 peaked  torch           61.42    80.04  129.47
128  8 peaked  triton         103.22   119.51  184.16
128  8 peaked  fi_sorted       35.73    51.68   86.12
128  8 peaked  fi_det_sorted   29.08    50.25    71.9
128  8 peaked  fi_unsorted     23.83    43.12   36.95
128 16 randn   torch           69.01    84.91  186.56
128 16 randn   triton         176.67   198.21  370.91
128 16 randn   fi_sorted       37.26    50.34   92.39
128 16 randn   fi_det_sorted   30.42    47.68   84.16
128 16 randn   fi_unsorted     25.28    42.47   97.24
128 16 peaked  torch           69.31    86.79  213.81
128 16 peaked  triton         171.16   183.94  365.07
128 16 peaked  fi_sorted       37.36    62.99  195.78
128 16 peaked  fi_det_sorted   30.51    47.64   137.0
128 16 peaked  fi_unsorted      25.3    42.21   66.67
128 32 randn   torch           90.62   110.67  197.69
128 32 randn   triton         282.65   292.36  470.61
128 32 randn   fi_sorted       58.03    75.75  220.64
128 32 randn   fi_det_sorted   51.98    68.64  248.09
128 32 randn   fi_unsorted     45.99     63.0  269.76
128 32 peaked  torch           90.29    110.1  303.05
128 32 peaked  triton         275.74   292.27  470.08
128 32 peaked  fi_sorted       58.04    75.63  165.84
128 32 peaked  fi_det_sorted    51.9    68.37  271.76
128 32 peaked  fi_unsorted     45.96     63.2   253.1
