
=== M=4 expert stream 77 MB/layer  (21:14:25)
  none               grid    0 prio=0:   162.52 us/layer  qkvz 50.39 out 28.52 tiny 0.8 touch []
  start              grid   32 prio=0:   177.35 us/layer  qkvz 52.64 out 38.75 tiny 0.8 touch []
  start              grid   32 prio=1:   178.80 us/layer  qkvz 52.6 out 38.98 tiny 0.8 touch []
  start              grid   64 prio=0:   204.90 us/layer  qkvz 64.3 out 49.94 tiny 0.8 touch []
  start              grid   64 prio=1:   205.47 us/layer  qkvz 64.06 out 49.96 tiny 0.8 touch []
  start              grid  188 prio=0:   203.25 us/layer  qkvz 49.98 out 37.2 tiny 0.8 touch []
  start              grid  188 prio=1:   203.39 us/layer  qkvz 50.05 out 37.26 tiny 0.8 touch []
  start+persist      grid   32 prio=0:   160.34 us/layer  qkvz 50.61 out 23.42 tiny 0.8 touch []
  start+persist      grid   32 prio=1:   159.43 us/layer  qkvz 50.33 out 23.3 tiny 0.8 touch []
  start+persist      grid   64 prio=0:   186.81 us/layer  qkvz 52.34 out 45.63 tiny 0.8 touch []
  start+persist      grid   64 prio=1:   187.89 us/layer  qkvz 50.7 out 45.65 tiny 0.8 touch []
  start+persist      grid  188 prio=0:   199.14 us/layer  qkvz 46.56 out 37.14 tiny 0.8 touch []
  start+persist      grid  188 prio=1:   199.40 us/layer  qkvz 46.4 out 37.08 tiny 0.8 touch []
  postgemm           grid   32 prio=0:   178.16 us/layer  qkvz 43.55 out 19.19 tiny 0.8 touch []
  postgemm           grid   32 prio=1:   179.32 us/layer  qkvz 43.54 out 19.16 tiny 0.8 touch []
  postgemm           grid   64 prio=0:   178.36 us/layer  qkvz 43.47 out 19.22 tiny 0.8 touch []
  postgemm           grid   64 prio=1:   176.93 us/layer  qkvz 43.57 out 19.2 tiny 0.8 touch []
  postgemm           grid  188 prio=0:   179.42 us/layer  qkvz 43.5 out 19.22 tiny 0.8 touch []
  postgemm           grid  188 prio=1:   177.42 us/layer  qkvz 43.46 out 19.2 tiny 0.8 touch []
  postgemm+persist   grid   32 prio=0:   179.77 us/layer  qkvz 43.57 out 19.2 tiny 0.8 touch []
  postgemm+persist   grid   32 prio=1:   179.10 us/layer  qkvz 43.45 out 19.17 tiny 0.8 touch []
  postgemm+persist   grid   64 prio=0:   176.29 us/layer  qkvz 43.55 out 19.19 tiny 0.8 touch []
  postgemm+persist   grid   64 prio=1:   178.45 us/layer  qkvz 43.58 out 19.2 tiny 0.8 touch []
  postgemm+persist   grid  188 prio=0:   177.74 us/layer  qkvz 43.61 out 19.25 tiny 0.8 touch []
  postgemm+persist   grid  188 prio=1:   178.21 us/layer  qkvz 43.48 out 19.23 tiny 0.8 touch []
  jit                grid   32 prio=0:   170.22 us/layer  qkvz 43.66 out 19.26 tiny 0.8 touch []
  jit                grid   32 prio=1:   169.96 us/layer  qkvz 43.68 out 19.3 tiny 0.8 touch []
  jit                grid   64 prio=0:   173.23 us/layer  qkvz 44.4 out 19.3 tiny 0.8 touch []
  jit                grid   64 prio=1:   173.49 us/layer  qkvz 44.16 out 19.3 tiny 0.82 touch []
  jit                grid  188 prio=0:   174.35 us/layer  qkvz 43.66 out 19.29 tiny 0.8 touch []
  jit                grid  188 prio=1:   175.77 us/layer  qkvz 43.47 out 19.29 tiny 0.8 touch []

=== M=4 expert stream 190 MB/layer  (21:15:01)
  none               grid    0 prio=0:   239.91 us/layer  qkvz 50.63 out 28.32 tiny 0.8 touch []
  start              grid   32 prio=0:   256.07 us/layer  qkvz 53.14 out 38.82 tiny 0.8 touch []
  start              grid   32 prio=1:   255.81 us/layer  qkvz 53.14 out 38.77 tiny 0.8 touch []
  start              grid   64 prio=0:   281.32 us/layer  qkvz 64.27 out 50.22 tiny 0.8 touch []
  start              grid   64 prio=1:   282.85 us/layer  qkvz 64.29 out 50.0 tiny 0.8 touch []
  start              grid  188 prio=0:   280.29 us/layer  qkvz 50.24 out 37.47 tiny 0.8 touch []
  start              grid  188 prio=1:   281.03 us/layer  qkvz 50.15 out 37.43 tiny 0.8 touch []
  start+persist      grid   32 prio=0:   238.08 us/layer  qkvz 51.06 out 23.46 tiny 0.8 touch []
  start+persist      grid   32 prio=1:   237.17 us/layer  qkvz 50.98 out 23.78 tiny 0.8 touch []
  start+persist      grid   64 prio=0:   263.08 us/layer  qkvz 52.46 out 45.97 tiny 0.8 touch []
  start+persist      grid   64 prio=1:   264.29 us/layer  qkvz 51.37 out 45.78 tiny 0.8 touch []
  start+persist      grid  188 prio=0:   275.32 us/layer  qkvz 46.41 out 37.34 tiny 0.8 touch []
  start+persist      grid  188 prio=1:   275.60 us/layer  qkvz 46.44 out 37.46 tiny 0.8 touch []
  postgemm           grid   32 prio=0:   255.91 us/layer  qkvz 43.44 out 19.11 tiny 0.8 touch []
  postgemm           grid   32 prio=1:   255.53 us/layer  qkvz 43.46 out 19.14 tiny 0.8 touch []
  postgemm           grid   64 prio=0:   255.16 us/layer  qkvz 43.43 out 19.12 tiny 0.8 touch []
  postgemm           grid   64 prio=1:   254.57 us/layer  qkvz 43.46 out 19.12 tiny 0.8 touch []
  postgemm           grid  188 prio=0:   254.71 us/layer  qkvz 43.54 out 19.16 tiny 0.8 touch []
  postgemm           grid  188 prio=1:   253.97 us/layer  qkvz 43.48 out 19.13 tiny 0.8 touch []
  postgemm+persist   grid   32 prio=0:   255.40 us/layer  qkvz 43.46 out 19.13 tiny 0.8 touch []
  postgemm+persist   grid   32 prio=1:   254.05 us/layer  qkvz 43.43 out 19.09 tiny 0.8 touch []
  postgemm+persist   grid   64 prio=0:   251.35 us/layer  qkvz 43.46 out 19.14 tiny 0.8 touch []
  postgemm+persist   grid   64 prio=1:   254.85 us/layer  qkvz 43.52 out 19.15 tiny 0.8 touch []
  postgemm+persist   grid  188 prio=0:   254.72 us/layer  qkvz 43.42 out 19.1 tiny 0.8 touch []
  postgemm+persist   grid  188 prio=1:   254.82 us/layer  qkvz 43.44 out 19.14 tiny 0.8 touch []
  jit                grid   32 prio=0:   247.40 us/layer  qkvz 43.58 out 19.14 tiny 0.8 touch []
  jit                grid   32 prio=1:   242.19 us/layer  qkvz 43.68 out 19.1 tiny 0.8 touch []
  jit                grid   64 prio=0:   247.63 us/layer  qkvz 44.44 out 19.14 tiny 0.8 touch []
  jit                grid   64 prio=1:   249.46 us/layer  qkvz 44.16 out 19.18 tiny 0.8 touch []
  jit                grid  188 prio=0:   251.81 us/layer  qkvz 43.53 out 19.14 tiny 0.8 touch []
  jit                grid  188 prio=1:   252.88 us/layer  qkvz 43.52 out 19.16 tiny 0.8 touch []

=== M=16 expert stream 77 MB/layer  (21:15:37)
  none               grid    0 prio=0:   162.13 us/layer  qkvz 50.53 out 29.12 tiny 0.8 touch []
  start              grid   32 prio=0:   179.27 us/layer  qkvz 52.79 out 40.34 tiny 0.8 touch []
  start              grid   32 prio=1:   180.62 us/layer  qkvz 52.66 out 40.3 tiny 0.8 touch []
  start              grid   64 prio=0:   205.39 us/layer  qkvz 64.88 out 50.02 tiny 0.8 touch []
  start              grid   64 prio=1:   206.42 us/layer  qkvz 64.43 out 50.05 tiny 0.8 touch []
  start              grid  188 prio=0:   204.25 us/layer  qkvz 50.2 out 37.48 tiny 0.8 touch []
  start              grid  188 prio=1:   203.23 us/layer  qkvz 50.18 out 37.41 tiny 0.8 touch []
  start+persist      grid   32 prio=0:   161.37 us/layer  qkvz 51.06 out 24.1 tiny 0.8 touch []
  start+persist      grid   32 prio=1:   160.86 us/layer  qkvz 50.53 out 23.9 tiny 0.8 touch []
  start+persist      grid   64 prio=0:   189.42 us/layer  qkvz 53.56 out 46.19 tiny 0.8 touch []
  start+persist      grid   64 prio=1:   189.56 us/layer  qkvz 50.4 out 46.14 tiny 0.8 touch []
  start+persist      grid  188 prio=0:   199.42 us/layer  qkvz 46.62 out 37.33 tiny 0.8 touch []
  start+persist      grid  188 prio=1:   200.13 us/layer  qkvz 46.54 out 37.3 tiny 0.8 touch []
  postgemm           grid   32 prio=0:   178.71 us/layer  qkvz 43.69 out 19.43 tiny 0.8 touch []
  postgemm           grid   32 prio=1:   180.14 us/layer  qkvz 43.73 out 19.43 tiny 0.8 touch []
  postgemm           grid   64 prio=0:   178.67 us/layer  qkvz 43.83 out 19.46 tiny 0.8 touch []
  postgemm           grid   64 prio=1:   177.53 us/layer  qkvz 43.76 out 19.47 tiny 0.8 touch []
  postgemm           grid  188 prio=0:   178.80 us/layer  qkvz 43.86 out 19.48 tiny 0.8 touch []
  postgemm           grid  188 prio=1:   177.76 us/layer  qkvz 43.77 out 19.46 tiny 0.8 touch []
  postgemm+persist   grid   32 prio=0:   180.08 us/layer  qkvz 43.69 out 19.43 tiny 0.8 touch []
  postgemm+persist   grid   32 prio=1:   179.95 us/layer  qkvz 43.74 out 19.41 tiny 0.8 touch []
  postgemm+persist   grid   64 prio=0:   177.06 us/layer  qkvz 43.66 out 19.46 tiny 0.8 touch []
  postgemm+persist   grid   64 prio=1:   179.82 us/layer  qkvz 43.76 out 19.43 tiny 0.8 touch []
  postgemm+persist   grid  188 prio=0:   178.93 us/layer  qkvz 43.69 out 19.49 tiny 0.8 touch []
  postgemm+persist   grid  188 prio=1:   179.10 us/layer  qkvz 43.69 out 19.46 tiny 0.8 touch []
  jit                grid   32 prio=0:   171.27 us/layer  qkvz 43.97 out 19.52 tiny 0.8 touch []
  jit                grid   32 prio=1:   170.67 us/layer  qkvz 44.05 out 19.52 tiny 0.8 touch []
  jit                grid   64 prio=0:   173.60 us/layer  qkvz 44.81 out 19.57 tiny 0.8 touch []
  jit                grid   64 prio=1:   174.38 us/layer  qkvz 44.32 out 19.57 tiny 0.8 touch []
  jit                grid  188 prio=0:   176.52 us/layer  qkvz 43.65 out 19.56 tiny 0.8 touch []
  jit                grid  188 prio=1:   177.16 us/layer  qkvz 43.9 out 19.47 tiny 0.8 touch []

=== M=16 expert stream 190 MB/layer  (21:16:13)
  none               grid    0 prio=0:   241.18 us/layer  qkvz 50.85 out 29.09 tiny 0.8 touch []
  start              grid   32 prio=0:   257.29 us/layer  qkvz 53.3 out 40.19 tiny 0.8 touch []
  start              grid   32 prio=1:   256.71 us/layer  qkvz 53.17 out 39.29 tiny 0.8 touch []
  start              grid   64 prio=0:   282.77 us/layer  qkvz 64.53 out 50.36 tiny 0.8 touch []
  start              grid   64 prio=1:   283.60 us/layer  qkvz 64.29 out 50.22 tiny 0.8 touch []
  start              grid  188 prio=0:   280.74 us/layer  qkvz 50.4 out 37.52 tiny 0.8 touch []
  start              grid  188 prio=1:   280.97 us/layer  qkvz 50.42 out 37.7 tiny 0.8 touch []
  start+persist      grid   32 prio=0:   237.55 us/layer  qkvz 51.33 out 24.96 tiny 0.8 touch []
  start+persist      grid   32 prio=1:   237.18 us/layer  qkvz 51.52 out 24.11 tiny 0.8 touch []
  start+persist      grid   64 prio=0:   266.28 us/layer  qkvz 54.02 out 46.61 tiny 0.8 touch []
  start+persist      grid   64 prio=1:   266.21 us/layer  qkvz 51.48 out 46.18 tiny 0.8 touch []
  start+persist      grid  188 prio=0:   275.64 us/layer  qkvz 46.79 out 37.57 tiny 0.8 touch []
  start+persist      grid  188 prio=1:   276.01 us/layer  qkvz 46.77 out 37.62 tiny 0.8 touch []
  postgemm           grid   32 prio=0:   253.98 us/layer  qkvz 43.83 out 19.38 tiny 0.8 touch []
  postgemm           grid   32 prio=1:   256.66 us/layer  qkvz 43.64 out 19.31 tiny 0.8 touch []
  postgemm           grid   64 prio=0:   256.45 us/layer  qkvz 43.66 out 19.35 tiny 0.8 touch []
  postgemm           grid   64 prio=1:   256.52 us/layer  qkvz 43.73 out 19.39 tiny 0.8 touch []
  postgemm           grid  188 prio=0:   255.07 us/layer  qkvz 43.74 out 19.36 tiny 0.8 touch []
  postgemm           grid  188 prio=1:   253.62 us/layer  qkvz 43.75 out 19.38 tiny 0.8 touch []
  postgemm+persist   grid   32 prio=0:   255.30 us/layer  qkvz 43.66 out 19.35 tiny 0.8 touch []
  postgemm+persist   grid   32 prio=1:   257.14 us/layer  qkvz 43.68 out 19.36 tiny 0.8 touch []
  postgemm+persist   grid   64 prio=0:   256.33 us/layer  qkvz 43.76 out 19.36 tiny 0.8 touch []
  postgemm+persist   grid   64 prio=1:   256.57 us/layer  qkvz 43.74 out 19.36 tiny 0.8 touch []
  postgemm+persist   grid  188 prio=0:   254.60 us/layer  qkvz 43.83 out 19.38 tiny 0.8 touch []
  postgemm+persist   grid  188 prio=1:   253.71 us/layer  qkvz 43.71 out 19.36 tiny 0.8 touch []
  jit                grid   32 prio=0:   246.15 us/layer  qkvz 43.97 out 19.39 tiny 0.8 touch []
  jit                grid   32 prio=1:   246.90 us/layer  qkvz 44.09 out 19.36 tiny 0.8 touch []
  jit                grid   64 prio=0:   250.32 us/layer  qkvz 44.74 out 19.36 tiny 0.8 touch []
  jit                grid   64 prio=1:   250.12 us/layer  qkvz 44.46 out 19.4 tiny 0.8 touch []
  jit                grid  188 prio=0:   251.73 us/layer  qkvz 43.76 out 19.37 tiny 0.8 touch []
  jit                grid  188 prio=1:   251.41 us/layer  qkvz 43.77 out 19.38 tiny 0.8 touch []

[wrote] $HOME/tools/flash-next-bench/bench/l2_prefetch/results/pipeline.json
