
=== device limits: {"l2_bytes": 134217728, "max_persisting_bytes": 83886080, "max_window_bytes": 134217728, "sms": 188, "prio_least": 0, "prio_greatest": -5, "persisting_limit_now": 25165824, "l2_bytes_driver": 134217728}  (21:55:13)
persisting limit requested 80 MB -> actual 80 MB

=== qkvz N=16384 K=2560 M=4 weight 40.0 MB  (21:55:17)
  cold             Y=   0 lim=  0 hr=1.00  gemv    28.64 us =   1464 GB/s   touches [('touch_kernel<0>', 204.93)] clk (2287, 2287)
  touched          Y=   0 lim=  0 hr=1.00  gemv    16.93 us =   2478 GB/s   touches [('touch_kernel<0>', 205.28), ('touch_kernel<0>', 27.12)] clk (2287, 2287)
  touched+stream   Y=  77 lim=  0 hr=1.00  gemv    17.15 us =   2445 GB/s   touches [('touch_kernel<0>', 205.28), ('touch_kernel<0>', 27.14), ('touch_kernel<0>', 50.56)] clk (2287, 2340)
  elast+stream     Y=  77 lim=  0 hr=1.00  gemv    17.18 us =   2441 GB/s   touches [('touch_kernel<0>', 205.27), ('touch_kernel<2>', 27.17), ('touch_kernel<0>', 50.61)] clk (2340, 2340)
  elast+cs         Y=  77 lim=  0 hr=1.00  gemv    17.17 us =   2443 GB/s   touches [('touch_kernel<0>', 205.22), ('touch_kernel<2>', 27.14), ('touch_kernel<1>', 50.61)] clk (2332, 2340)
  touched+stream   Y= 190 lim=  0 hr=1.00  gemv    28.64 us =   1464 GB/s   touches [('touch_kernel<0>', 205.52), ('touch_kernel<0>', 27.14), ('touch_kernel<0>', 122.62)] clk (2332, 2332)
  elast+stream     Y= 190 lim=  0 hr=1.00  gemv    24.29 us =   1727 GB/s   touches [('touch_kernel<0>', 205.33), ('touch_kernel<2>', 27.18), ('touch_kernel<0>', 122.59)] clk (2332, 2332)
  elast+cs         Y= 190 lim=  0 hr=1.00  gemv    17.18 us =   2441 GB/s   touches [('touch_kernel<0>', 205.38), ('touch_kernel<2>', 27.18), ('touch_kernel<1>', 122.45)] clk (2332, 2332)
  touched          Y=   0 lim= 80 hr=1.00  gemv    16.93 us =   2478 GB/s   touches [('touch_kernel<0>', 205.22), ('touch_kernel<0>', 27.1)] clk (2332, 2332)
  touched+stream   Y=  77 lim= 80 hr=1.00  gemv    17.18 us =   2441 GB/s   touches [('touch_kernel<0>', 205.22), ('touch_kernel<0>', 27.14), ('touch_kernel<0>', 50.59)] clk (2332, 2340)
  persist+stream   Y=  77 lim= 80 hr=1.00  gemv    17.15 us =   2445 GB/s   touches [('touch_kernel<0>', 205.23), ('touch_kernel<0>', 7.23), ('touch_kernel<0>', 50.58)] clk (2340, 2340)
  persist+cs       Y=  77 lim= 80 hr=1.00  gemv    17.18 us =   2441 GB/s   touches [('touch_kernel<0>', 205.22), ('touch_kernel<0>', 7.26), ('touch_kernel<1>', 50.56)] clk (2332, 2340)
  persist+swin     Y=  77 lim= 80 hr=1.00  gemv    17.17 us =   2443 GB/s   touches [('touch_kernel<0>', 205.19), ('touch_kernel<0>', 7.26), ('touch_kernel<0>', 50.51)] clk (2332, 2332)
  swin-consumer    Y=  77 lim= 80 hr=1.00  gemv    17.18 us =   2441 GB/s   touches [('touch_kernel<0>', 205.23), ('touch_kernel<0>', 7.3), ('touch_kernel<0>', 50.59)] clk (2332, 2332)
     nodes: [('touch_kernelILi0EEvPKhyP', 40, 2, 1), ('touch_kernelILi0EEvPKhyP', 40, 2, 1), ('touch_kernelILi0EEvPKhyP', 40, 2, 1), ('_w8a16_gemv_kernel', 40, 2, 1)]
  touched+stream   Y= 190 lim= 80 hr=1.00  gemv    28.54 us =   1469 GB/s   touches [('touch_kernel<0>', 205.3), ('touch_kernel<0>', 27.14), ('touch_kernel<0>', 122.55)] clk (2332, 2332)
  persist+stream   Y= 190 lim= 80 hr=1.00  gemv    17.44 us =   2405 GB/s   touches [('touch_kernel<0>', 205.28), ('touch_kernel<0>', 7.3), ('touch_kernel<0>', 122.56)] clk (2332, 2332)
  persist+cs       Y= 190 lim= 80 hr=1.00  gemv    17.14 us =   2448 GB/s   touches [('touch_kernel<0>', 205.28), ('touch_kernel<0>', 7.3), ('touch_kernel<1>', 122.38)] clk (2332, 2332)
  persist+swin     Y= 190 lim= 80 hr=1.00  gemv    17.39 us =   2412 GB/s   touches [('touch_kernel<0>', 205.25), ('touch_kernel<0>', 7.23), ('touch_kernel<0>', 122.59)] clk (2332, 2332)
  swin-consumer    Y= 190 lim= 80 hr=1.00  gemv    17.38 us =   2414 GB/s   touches [('touch_kernel<0>', 205.2), ('touch_kernel<0>', 7.23), ('touch_kernel<0>', 122.59)] clk (2340, 2340)
     nodes: [('touch_kernelILi0EEvPKhyP', 40, 2, 1), ('touch_kernelILi0EEvPKhyP', 40, 2, 1), ('touch_kernelILi0EEvPKhyP', 40, 2, 1), ('_w8a16_gemv_kernel', 40, 2, 1)]

=== qkvz N=16384 K=2560 M=16 weight 40.0 MB  (21:55:22)
  cold             Y=   0 lim=  0 hr=1.00  gemv    28.94 us =   1449 GB/s   touches [('touch_kernel<0>', 205.27)] clk (2332, 2340)
  touched          Y=   0 lim=  0 hr=1.00  gemv    16.26 us =   2580 GB/s   touches [('touch_kernel<0>', 205.51), ('touch_kernel<0>', 27.1)] clk (2332, 2332)
  touched+stream   Y=  77 lim=  0 hr=1.00  gemv    16.61 us =   2525 GB/s   touches [('touch_kernel<0>', 205.54), ('touch_kernel<0>', 27.17), ('touch_kernel<0>', 50.66)] clk (2332, 2332)
  elast+stream     Y=  77 lim=  0 hr=1.00  gemv    16.54 us =   2535 GB/s   touches [('touch_kernel<0>', 205.39), ('touch_kernel<2>', 27.17), ('touch_kernel<0>', 50.51)] clk (2325, 2325)
  elast+cs         Y=  77 lim=  0 hr=1.00  gemv    16.61 us =   2525 GB/s   touches [('touch_kernel<0>', 205.54), ('touch_kernel<2>', 27.14), ('touch_kernel<1>', 50.58)] clk (2325, 2325)
  touched+stream   Y= 190 lim=  0 hr=1.00  gemv    28.90 us =   1452 GB/s   touches [('touch_kernel<0>', 205.54), ('touch_kernel<0>', 27.14), ('touch_kernel<0>', 122.67)] clk (2325, 2332)
  elast+stream     Y= 190 lim=  0 hr=1.00  gemv    23.86 us =   1758 GB/s   touches [('touch_kernel<0>', 205.52), ('touch_kernel<2>', 27.14), ('touch_kernel<0>', 122.51)] clk (2332, 2332)
  elast+cs         Y= 190 lim=  0 hr=1.00  gemv    16.61 us =   2525 GB/s   touches [('touch_kernel<0>', 205.51), ('touch_kernel<2>', 27.15), ('touch_kernel<1>', 122.34)] clk (2325, 2332)
  touched          Y=   0 lim= 80 hr=1.00  gemv    16.26 us =   2580 GB/s   touches [('touch_kernel<0>', 205.54), ('touch_kernel<0>', 27.07)] clk (2325, 2325)
  touched+stream   Y=  77 lim= 80 hr=1.00  gemv    16.58 us =   2530 GB/s   touches [('touch_kernel<0>', 205.47), ('touch_kernel<0>', 27.14), ('touch_kernel<0>', 50.54)] clk (2325, 2325)
  persist+stream   Y=  77 lim= 80 hr=1.00  gemv    16.56 us =   2533 GB/s   touches [('touch_kernel<0>', 205.54), ('touch_kernel<0>', 7.26), ('touch_kernel<0>', 50.58)] clk (2332, 2332)
  persist+cs       Y=  77 lim= 80 hr=1.00  gemv    16.56 us =   2533 GB/s   touches [('touch_kernel<0>', 205.49), ('touch_kernel<0>', 7.26), ('touch_kernel<1>', 50.53)] clk (2332, 2332)
  persist+swin     Y=  77 lim= 80 hr=1.00  gemv    16.54 us =   2535 GB/s   touches [('touch_kernel<0>', 205.44), ('touch_kernel<0>', 7.23), ('touch_kernel<0>', 50.46)] clk (2332, 2332)
  swin-consumer    Y=  77 lim= 80 hr=1.00  gemv    16.58 us =   2530 GB/s   touches [('touch_kernel<0>', 205.41), ('touch_kernel<0>', 7.26), ('touch_kernel<0>', 50.66)] clk (2332, 2332)
     nodes: [('touch_kernelILi0EEvPKhyP', 40, 2, 1), ('touch_kernelILi0EEvPKhyP', 40, 2, 1), ('touch_kernelILi0EEvPKhyP', 40, 2, 1), ('_w8a16_gemv_kernel', 40, 2, 1)]
  touched+stream   Y= 190 lim= 80 hr=1.00  gemv    28.96 us =   1448 GB/s   touches [('touch_kernel<0>', 205.47), ('touch_kernel<0>', 27.17), ('touch_kernel<0>', 122.5)] clk (2332, 2332)
  persist+stream   Y= 190 lim= 80 hr=1.00  gemv    16.75 us =   2504 GB/s   touches [('touch_kernel<0>', 205.49), ('touch_kernel<0>', 7.26), ('touch_kernel<0>', 122.48)] clk (2332, 2332)
  persist+cs       Y= 190 lim= 80 hr=1.00  gemv    16.54 us =   2535 GB/s   touches [('touch_kernel<0>', 205.47), ('touch_kernel<0>', 7.3), ('touch_kernel<1>', 122.35)] clk (2332, 2332)
  persist+swin     Y= 190 lim= 80 hr=1.00  gemv    16.78 us =   2499 GB/s   touches [('touch_kernel<0>', 205.54), ('touch_kernel<0>', 7.26), ('touch_kernel<0>', 122.54)] clk (2332, 2332)
  swin-consumer    Y= 190 lim= 80 hr=1.00  gemv    16.77 us =   2501 GB/s   touches [('touch_kernel<0>', 205.47), ('touch_kernel<0>', 7.25), ('touch_kernel<0>', 122.58)] clk (2332, 2332)
     nodes: [('touch_kernelILi0EEvPKhyP', 40, 2, 1), ('touch_kernelILi0EEvPKhyP', 40, 2, 1), ('touch_kernelILi0EEvPKhyP', 40, 2, 1), ('_w8a16_gemv_kernel', 40, 2, 1)]

=== out_proj N=2560 K=6144 M=4 weight 15.0 MB  (21:55:26)
  cold             Y=   0 lim=  0 hr=1.00  gemv    12.95 us =   1215 GB/s   touches [('touch_kernel<0>', 205.55)] clk (2332, 2332)
  touched          Y=   0 lim=  0 hr=1.00  gemv     7.10 us =   2214 GB/s   touches [('touch_kernel<0>', 205.89), ('touch_kernel<0>', 11.18)] clk (2332, 2332)
  touched+stream   Y=  77 lim=  0 hr=1.00  gemv     7.15 us =   2199 GB/s   touches [('touch_kernel<0>', 205.79), ('touch_kernel<0>', 11.18), ('touch_kernel<0>', 50.59)] clk (2340, 2340)
  elast+stream     Y=  77 lim=  0 hr=1.00  gemv     7.17 us =   2194 GB/s   touches [('touch_kernel<0>', 205.78), ('touch_kernel<2>', 6.19), ('touch_kernel<0>', 50.46)] clk (2340, 2340)
  elast+cs         Y=  77 lim=  0 hr=1.00  gemv     7.17 us =   2194 GB/s   touches [('touch_kernel<0>', 205.79), ('touch_kernel<2>', 6.13), ('touch_kernel<1>', 50.56)] clk (2340, 2340)
  touched+stream   Y= 190 lim=  0 hr=1.00  gemv    12.96 us =   1214 GB/s   touches [('touch_kernel<0>', 205.76), ('touch_kernel<0>', 11.17), ('touch_kernel<0>', 122.53)] clk (2340, 2340)
  elast+stream     Y= 190 lim=  0 hr=1.00  gemv     8.30 us =   1894 GB/s   touches [('touch_kernel<0>', 205.84), ('touch_kernel<2>', 6.18), ('touch_kernel<0>', 122.53)] clk (2340, 2340)
  elast+cs         Y= 190 lim=  0 hr=1.00  gemv     7.15 us =   2199 GB/s   touches [('touch_kernel<0>', 205.79), ('touch_kernel<2>', 6.21), ('touch_kernel<1>', 122.34)] clk (2340, 2340)
  touched          Y=   0 lim= 80 hr=1.00  gemv     7.10 us =   2214 GB/s   touches [('touch_kernel<0>', 205.78), ('touch_kernel<0>', 11.17)] clk (2340, 2340)
  touched+stream   Y=  77 lim= 80 hr=1.00  gemv     7.17 us =   2194 GB/s   touches [('touch_kernel<0>', 205.89), ('touch_kernel<0>', 11.14), ('touch_kernel<0>', 50.58)] clk (2340, 2340)
  persist+stream   Y=  77 lim= 80 hr=1.00  gemv     7.17 us =   2194 GB/s   touches [('touch_kernel<0>', 205.81), ('touch_kernel<0>', 3.39), ('touch_kernel<0>', 50.67)] clk (2332, 2340)
  persist+cs       Y=  77 lim= 80 hr=1.00  gemv     7.17 us =   2194 GB/s   touches [('touch_kernel<0>', 205.79), ('touch_kernel<0>', 3.39), ('touch_kernel<1>', 50.5)] clk (2332, 2332)
  persist+swin     Y=  77 lim= 80 hr=1.00  gemv     7.14 us =   2204 GB/s   touches [('touch_kernel<0>', 205.78), ('touch_kernel<0>', 3.39), ('touch_kernel<0>', 50.64)] clk (2332, 2332)
  swin-consumer    Y=  77 lim= 80 hr=1.00  gemv     7.15 us =   2199 GB/s   touches [('touch_kernel<0>', 205.84), ('touch_kernel<0>', 3.42), ('touch_kernel<0>', 50.46)] clk (2332, 2332)
     nodes: [('touch_kernelILi0EEvPKhyP', 15, 2, 1), ('touch_kernelILi0EEvPKhyP', 15, 2, 1), ('touch_kernelILi0EEvPKhyP', 15, 2, 1), ('_w8a16_gemv_kernel', 15, 2, 1)]
  touched+stream   Y= 190 lim= 80 hr=1.00  gemv    12.98 us =   1212 GB/s   touches [('touch_kernel<0>', 205.75), ('touch_kernel<0>', 11.14), ('touch_kernel<0>', 122.47)] clk (2332, 2332)
  persist+stream   Y= 190 lim= 80 hr=1.00  gemv     7.36 us =   2137 GB/s   touches [('touch_kernel<0>', 205.73), ('touch_kernel<0>', 3.39), ('touch_kernel<0>', 122.53)] clk (2332, 2340)
  persist+cs       Y= 190 lim= 80 hr=1.00  gemv     7.17 us =   2194 GB/s   touches [('touch_kernel<0>', 205.78), ('touch_kernel<0>', 3.41), ('touch_kernel<1>', 122.3)] clk (2340, 2340)
  persist+swin     Y= 190 lim= 80 hr=1.00  gemv     7.36 us =   2137 GB/s   touches [('touch_kernel<0>', 205.75), ('touch_kernel<0>', 3.39), ('touch_kernel<0>', 122.48)] clk (2340, 2340)
  swin-consumer    Y= 190 lim= 80 hr=1.00  gemv     7.36 us =   2137 GB/s   touches [('touch_kernel<0>', 205.73), ('touch_kernel<0>', 3.42), ('touch_kernel<0>', 122.53)] clk (2340, 2340)
     nodes: [('touch_kernelILi0EEvPKhyP', 15, 2, 1), ('touch_kernelILi0EEvPKhyP', 15, 2, 1), ('touch_kernelILi0EEvPKhyP', 15, 2, 1), ('_w8a16_gemv_kernel', 15, 2, 1)]

=== out_proj N=2560 K=6144 M=16 weight 15.0 MB  (21:55:31)
  cold             Y=   0 lim=  0 hr=1.00  gemv    13.58 us =   1158 GB/s   touches [('touch_kernel<0>', 205.73)] clk (2340, 2340)
  touched          Y=   0 lim=  0 hr=1.00  gemv     8.54 us =   1841 GB/s   touches [('touch_kernel<0>', 205.94), ('touch_kernel<0>', 11.23)] clk (2340, 2340)
  touched+stream   Y=  77 lim=  0 hr=1.00  gemv     8.64 us =   1820 GB/s   touches [('touch_kernel<0>', 205.86), ('touch_kernel<0>', 11.18), ('touch_kernel<0>', 50.67)] clk (2340, 2340)
  elast+stream     Y=  77 lim=  0 hr=1.00  gemv     8.64 us =   1820 GB/s   touches [('touch_kernel<0>', 205.95), ('touch_kernel<2>', 6.1), ('touch_kernel<0>', 50.51)] clk (2332, 2332)
  elast+cs         Y=  77 lim=  0 hr=1.00  gemv     8.64 us =   1820 GB/s   touches [('touch_kernel<0>', 205.84), ('touch_kernel<2>', 6.21), ('touch_kernel<1>', 50.59)] clk (2332, 2332)
  touched+stream   Y= 190 lim=  0 hr=1.00  gemv    13.54 us =   1162 GB/s   touches [('touch_kernel<0>', 205.94), ('touch_kernel<0>', 11.2), ('touch_kernel<0>', 122.53)] clk (2332, 2332)
  elast+stream     Y= 190 lim=  0 hr=1.00  gemv     9.19 us =   1713 GB/s   touches [('touch_kernel<0>', 205.91), ('touch_kernel<2>', 6.21), ('touch_kernel<0>', 122.61)] clk (2332, 2332)
  elast+cs         Y= 190 lim=  0 hr=1.00  gemv     8.64 us =   1820 GB/s   touches [('touch_kernel<0>', 206.07), ('touch_kernel<2>', 6.16), ('touch_kernel<1>', 122.48)] clk (2332, 2340)
  touched          Y=   0 lim= 80 hr=1.00  gemv     8.48 us =   1855 GB/s   touches [('touch_kernel<0>', 205.86), ('touch_kernel<0>', 11.17)] clk (2340, 2340)
  touched+stream   Y=  77 lim= 80 hr=1.00  gemv     8.64 us =   1820 GB/s   touches [('touch_kernel<0>', 205.99), ('touch_kernel<0>', 11.18), ('touch_kernel<0>', 50.56)] clk (2340, 2340)
  persist+stream   Y=  77 lim= 80 hr=1.00  gemv     8.61 us =   1827 GB/s   touches [('touch_kernel<0>', 205.81), ('touch_kernel<0>', 3.42), ('touch_kernel<0>', 50.58)] clk (2332, 2332)
  persist+cs       Y=  77 lim= 80 hr=1.00  gemv     8.64 us =   1820 GB/s   touches [('touch_kernel<0>', 206.03), ('touch_kernel<0>', 3.44), ('touch_kernel<1>', 50.59)] clk (2332, 2332)
  persist+swin     Y=  77 lim= 80 hr=1.00  gemv     8.64 us =   1820 GB/s   touches [('touch_kernel<0>', 206.06), ('touch_kernel<0>', 3.42), ('touch_kernel<0>', 50.66)] clk (2332, 2332)
  swin-consumer    Y=  77 lim= 80 hr=1.00  gemv     8.64 us =   1820 GB/s   touches [('touch_kernel<0>', 205.97), ('touch_kernel<0>', 3.42), ('touch_kernel<0>', 50.66)] clk (2332, 2332)
     nodes: [('touch_kernelILi0EEvPKhyP', 15, 2, 1), ('touch_kernelILi0EEvPKhyP', 15, 2, 1), ('touch_kernelILi0EEvPKhyP', 15, 2, 1), ('_w8a16_gemv_kernel', 15, 2, 1)]
  touched+stream   Y= 190 lim= 80 hr=1.00  gemv    13.60 us =   1157 GB/s   touches [('touch_kernel<0>', 205.95), ('touch_kernel<0>', 11.2), ('touch_kernel<0>', 122.62)] clk (2332, 2332)
  persist+stream   Y= 190 lim= 80 hr=1.00  gemv     8.80 us =   1787 GB/s   touches [('touch_kernel<0>', 205.94), ('touch_kernel<0>', 3.39), ('touch_kernel<0>', 122.58)] clk (2332, 2332)
  persist+cs       Y= 190 lim= 80 hr=1.00  gemv     8.67 us =   1814 GB/s   touches [('touch_kernel<0>', 205.97), ('touch_kernel<0>', 3.39), ('touch_kernel<1>', 122.34)] clk (2332, 2332)
  persist+swin     Y= 190 lim= 80 hr=1.00  gemv     8.80 us =   1787 GB/s   touches [('touch_kernel<0>', 205.94), ('touch_kernel<0>', 3.42), ('touch_kernel<0>', 122.61)] clk (2332, 2332)
  swin-consumer    Y= 190 lim= 80 hr=1.00  gemv     8.83 us =   1781 GB/s   touches [('touch_kernel<0>', 206.0), ('touch_kernel<0>', 3.42), ('touch_kernel<0>', 122.56)] clk (2332, 2332)
     nodes: [('touch_kernelILi0EEvPKhyP', 15, 2, 1), ('touch_kernelILi0EEvPKhyP', 15, 2, 1), ('touch_kernelILi0EEvPKhyP', 15, 2, 1), ('_w8a16_gemv_kernel', 15, 2, 1)]

=== attn_qkv N=13312 K=2560 M=4 weight 32.5 MB  (21:55:35)
  cold             Y=   0 lim=  0 hr=1.00  gemv    23.90 us =   1426 GB/s   touches [('touch_kernel<0>', 204.99)] clk (2332, 2332)
  touched          Y=   0 lim=  0 hr=1.00  gemv    14.00 us =   2434 GB/s   touches [('touch_kernel<0>', 205.41), ('touch_kernel<0>', 22.24)] clk (2332, 2332)
  touched+stream   Y=  77 lim=  0 hr=1.00  gemv    14.21 us =   2399 GB/s   touches [('touch_kernel<0>', 205.3), ('touch_kernel<0>', 22.24), ('touch_kernel<0>', 50.59)] clk (2332, 2332)
  elast+stream     Y=  77 lim=  0 hr=1.00  gemv    14.19 us =   2401 GB/s   touches [('touch_kernel<0>', 205.12), ('touch_kernel<2>', 22.27), ('touch_kernel<0>', 50.59)] clk (2332, 2332)
  elast+cs         Y=  77 lim=  0 hr=1.00  gemv    14.21 us =   2399 GB/s   touches [('touch_kernel<0>', 205.25), ('touch_kernel<2>', 22.21), ('touch_kernel<1>', 50.56)] clk (2332, 2332)
  touched+stream   Y= 190 lim=  0 hr=1.00  gemv    23.98 us =   1421 GB/s   touches [('touch_kernel<0>', 205.25), ('touch_kernel<0>', 22.16), ('touch_kernel<0>', 122.56)] clk (2332, 2332)
  elast+stream     Y= 190 lim=  0 hr=1.00  gemv    18.78 us =   1814 GB/s   touches [('touch_kernel<0>', 205.35), ('touch_kernel<2>', 22.34), ('touch_kernel<0>', 122.62)] clk (2332, 2332)
  elast+cs         Y= 190 lim=  0 hr=1.00  gemv    14.21 us =   2399 GB/s   touches [('touch_kernel<0>', 205.09), ('touch_kernel<2>', 22.26), ('touch_kernel<1>', 122.42)] clk (2332, 2332)
  touched          Y=   0 lim= 80 hr=1.00  gemv    14.00 us =   2434 GB/s   touches [('touch_kernel<0>', 205.38), ('touch_kernel<0>', 22.34)] clk (2332, 2332)
  touched+stream   Y=  77 lim= 80 hr=1.00  gemv    14.22 us =   2396 GB/s   touches [('touch_kernel<0>', 205.18), ('touch_kernel<0>', 22.22), ('touch_kernel<0>', 50.54)] clk (2332, 2332)
  persist+stream   Y=  77 lim= 80 hr=1.00  gemv    14.18 us =   2404 GB/s   touches [('touch_kernel<0>', 205.25), ('touch_kernel<0>', 6.1), ('touch_kernel<0>', 50.58)] clk (2332, 2332)
  persist+cs       Y=  77 lim= 80 hr=1.00  gemv    14.24 us =   2393 GB/s   touches [('touch_kernel<0>', 205.28), ('touch_kernel<0>', 6.11), ('touch_kernel<1>', 50.61)] clk (2332, 2340)
  persist+swin     Y=  77 lim= 80 hr=1.00  gemv    14.18 us =   2404 GB/s   touches [('touch_kernel<0>', 205.23), ('touch_kernel<0>', 6.11), ('touch_kernel<0>', 50.54)] clk (2340, 2340)
  swin-consumer    Y=  77 lim= 80 hr=1.00  gemv    14.18 us =   2404 GB/s   touches [('touch_kernel<0>', 205.39), ('touch_kernel<0>', 6.14), ('touch_kernel<0>', 50.56)] clk (2332, 2340)
     nodes: [('touch_kernelILi0EEvPKhyP', 32, 2, 1), ('touch_kernelILi0EEvPKhyP', 32, 2, 1), ('touch_kernelILi0EEvPKhyP', 32, 2, 1), ('_w8a16_gemv_kernel', 32, 2, 1)]
  touched+stream   Y= 190 lim= 80 hr=1.00  gemv    23.92 us =   1425 GB/s   touches [('touch_kernel<0>', 205.17), ('touch_kernel<0>', 22.21), ('touch_kernel<0>', 122.59)] clk (2332, 2332)
  persist+stream   Y= 190 lim= 80 hr=1.00  gemv    14.40 us =   2367 GB/s   touches [('touch_kernel<0>', 205.12), ('touch_kernel<0>', 6.08), ('touch_kernel<0>', 122.53)] clk (2332, 2332)
  persist+cs       Y= 190 lim= 80 hr=1.00  gemv    14.21 us =   2399 GB/s   touches [('touch_kernel<0>', 205.15), ('touch_kernel<0>', 6.11), ('touch_kernel<1>', 122.3)] clk (2332, 2332)
  persist+swin     Y= 190 lim= 80 hr=1.00  gemv    14.40 us =   2366 GB/s   touches [('touch_kernel<0>', 205.17), ('touch_kernel<0>', 6.1), ('touch_kernel<0>', 122.53)] clk (2332, 2332)
  swin-consumer    Y= 190 lim= 80 hr=1.00  gemv    14.42 us =   2364 GB/s   touches [('touch_kernel<0>', 205.12), ('touch_kernel<0>', 6.08), ('touch_kernel<0>', 122.43)] clk (2332, 2332)
     nodes: [('touch_kernelILi0EEvPKhyP', 32, 2, 1), ('touch_kernelILi0EEvPKhyP', 32, 2, 1), ('touch_kernelILi0EEvPKhyP', 32, 2, 1), ('_w8a16_gemv_kernel', 32, 2, 1)]

=== attn_qkv N=13312 K=2560 M=16 weight 32.5 MB  (21:55:40)
  cold             Y=   0 lim=  0 hr=1.00  gemv    24.66 us =   1382 GB/s   touches [('touch_kernel<0>', 205.22)] clk (2332, 2332)
  touched          Y=   0 lim=  0 hr=1.00  gemv    18.00 us =   1893 GB/s   touches [('touch_kernel<0>', 205.34), ('touch_kernel<0>', 22.22)] clk (2325, 2325)
  touched+stream   Y=  77 lim=  0 hr=1.00  gemv    18.34 us =   1859 GB/s   touches [('touch_kernel<0>', 205.49), ('touch_kernel<0>', 22.24), ('touch_kernel<0>', 50.59)] clk (2325, 2325)
  elast+stream     Y=  77 lim=  0 hr=1.00  gemv    18.37 us =   1855 GB/s   touches [('touch_kernel<0>', 205.38), ('touch_kernel<2>', 22.26), ('touch_kernel<0>', 50.56)] clk (2325, 2332)
  elast+cs         Y=  77 lim=  0 hr=1.00  gemv    18.37 us =   1855 GB/s   touches [('touch_kernel<0>', 205.39), ('touch_kernel<2>', 22.18), ('touch_kernel<1>', 50.56)] clk (2332, 2332)
  touched+stream   Y= 190 lim=  0 hr=1.00  gemv    24.51 us =   1390 GB/s   touches [('touch_kernel<0>', 205.44), ('touch_kernel<0>', 22.27), ('touch_kernel<0>', 122.53)] clk (2332, 2332)
  elast+stream     Y= 190 lim=  0 hr=1.00  gemv    20.19 us =   1688 GB/s   touches [('touch_kernel<0>', 205.39), ('touch_kernel<2>', 22.26), ('touch_kernel<0>', 122.58)] clk (2332, 2332)
  elast+cs         Y= 190 lim=  0 hr=1.00  gemv    18.32 us =   1860 GB/s   touches [('touch_kernel<0>', 205.44), ('touch_kernel<2>', 22.14), ('touch_kernel<1>', 122.34)] clk (2332, 2332)
  touched          Y=   0 lim= 80 hr=1.00  gemv    18.02 us =   1892 GB/s   touches [('touch_kernel<0>', 205.38), ('touch_kernel<0>', 22.27)] clk (2332, 2332)
  touched+stream   Y=  77 lim= 80 hr=1.00  gemv    18.34 us =   1859 GB/s   touches [('touch_kernel<0>', 205.41), ('touch_kernel<0>', 22.21), ('touch_kernel<0>', 50.51)] clk (2332, 2332)
  persist+stream   Y=  77 lim= 80 hr=1.00  gemv    18.34 us =   1859 GB/s   touches [('touch_kernel<0>', 205.34), ('touch_kernel<0>', 6.08), ('touch_kernel<0>', 50.53)] clk (2332, 2332)
  persist+cs       Y=  77 lim= 80 hr=1.00  gemv    18.40 us =   1852 GB/s   touches [('touch_kernel<0>', 205.52), ('touch_kernel<0>', 6.14), ('touch_kernel<1>', 50.59)] clk (2332, 2332)
  persist+swin     Y=  77 lim= 80 hr=1.00  gemv    18.30 us =   1862 GB/s   touches [('touch_kernel<0>', 205.35), ('touch_kernel<0>', 6.11), ('touch_kernel<0>', 50.53)] clk (2340, 2340)
  swin-consumer    Y=  77 lim= 80 hr=1.00  gemv    18.30 us =   1862 GB/s   touches [('touch_kernel<0>', 205.39), ('touch_kernel<0>', 6.11), ('touch_kernel<0>', 50.48)] clk (2340, 2340)
     nodes: [('touch_kernelILi0EEvPKhyP', 32, 2, 1), ('touch_kernelILi0EEvPKhyP', 32, 2, 1), ('touch_kernelILi0EEvPKhyP', 32, 2, 1), ('_w8a16_gemv_kernel', 32, 2, 1)]
  touched+stream   Y= 190 lim= 80 hr=1.00  gemv    24.66 us =   1382 GB/s   touches [('touch_kernel<0>', 205.43), ('touch_kernel<0>', 22.24), ('touch_kernel<0>', 122.53)] clk (2332, 2340)
  persist+stream   Y= 190 lim= 80 hr=1.00  gemv    18.56 us =   1836 GB/s   touches [('touch_kernel<0>', 205.35), ('touch_kernel<0>', 6.08), ('touch_kernel<0>', 122.5)] clk (2332, 2332)
  persist+cs       Y= 190 lim= 80 hr=1.00  gemv    18.35 us =   1857 GB/s   touches [('touch_kernel<0>', 205.38), ('touch_kernel<0>', 6.11), ('touch_kernel<1>', 122.34)] clk (2332, 2340)
  persist+swin     Y= 190 lim= 80 hr=1.00  gemv    18.56 us =   1836 GB/s   touches [('touch_kernel<0>', 205.47), ('touch_kernel<0>', 6.11), ('touch_kernel<0>', 122.47)] clk (2340, 2340)
  swin-consumer    Y= 190 lim= 80 hr=1.00  gemv    18.56 us =   1836 GB/s   touches [('touch_kernel<0>', 205.44), ('touch_kernel<0>', 6.1), ('touch_kernel<0>', 122.53)] clk (2332, 2340)
     nodes: [('touch_kernelILi0EEvPKhyP', 32, 2, 1), ('touch_kernelILi0EEvPKhyP', 32, 2, 1), ('touch_kernelILi0EEvPKhyP', 32, 2, 1), ('_w8a16_gemv_kernel', 32, 2, 1)]

=== draft_head N=49152 K=2560 M=1 weight 120.0 MB  (21:55:44)
  cold             Y=   0 lim=  0 hr=1.00  gemv    78.48 us =   1603 GB/s   touches [('touch_kernel<0>', 205.09)] clk (2332, 2332)
  touched          Y=   0 lim=  0 hr=1.00  gemv    21.34 us =   5895 GB/s   touches [('touch_kernel<0>', 205.17), ('touch_kernel<0>', 78.06)] clk (2325, 2332)
  touched+stream   Y=  77 lim=  0 hr=1.00  gemv    69.62 us =   1807 GB/s   touches [('touch_kernel<0>', 205.15), ('touch_kernel<0>', 78.08), ('touch_kernel<0>', 50.75)] clk (2325, 2325)
  elast+stream     Y=  77 lim=  0 hr=1.00  gemv    66.72 us =   1886 GB/s   touches [('touch_kernel<0>', 205.11), ('touch_kernel<2>', 78.05), ('touch_kernel<0>', 50.82)] clk (2317, 2325)
  elast+cs         Y=  77 lim=  0 hr=1.00  gemv    21.65 us =   5812 GB/s   touches [('touch_kernel<0>', 205.22), ('touch_kernel<2>', 78.14), ('touch_kernel<1>', 50.74)] clk (2317, 2317)
  touched+stream   Y= 190 lim=  0 hr=1.00  gemv    78.50 us =   1603 GB/s   touches [('touch_kernel<0>', 205.3), ('touch_kernel<0>', 78.18), ('touch_kernel<0>', 122.56)] clk (2310, 2317)
  elast+stream     Y= 190 lim=  0 hr=1.00  gemv    73.78 us =   1706 GB/s   touches [('touch_kernel<0>', 205.19), ('touch_kernel<2>', 78.14), ('touch_kernel<0>', 122.64)] clk (2310, 2310)
  elast+cs         Y= 190 lim=  0 hr=1.00  gemv    21.76 us =   5783 GB/s   touches [('touch_kernel<0>', 205.2), ('touch_kernel<2>', 78.05), ('touch_kernel<1>', 122.51)] clk (2310, 2317)
  touched          Y=   0 lim= 80 hr=1.00  gemv    21.28 us =   5913 GB/s   touches [('touch_kernel<0>', 205.25), ('touch_kernel<0>', 78.08)] clk (2317, 2317)
  touched+stream   Y=  77 lim= 80 hr=1.00  gemv    69.70 us =   1805 GB/s   touches [('touch_kernel<0>', 205.12), ('touch_kernel<0>', 78.11), ('touch_kernel<0>', 50.75)] clk (2310, 2317)
  persist+stream   Y=  77 lim= 80 hr=0.67  gemv    30.78 us =   4087 GB/s   touches [('touch_kernel<0>', 205.19), ('touch_kernel<0>', 36.9), ('touch_kernel<0>', 50.75)] clk (2310, 2310)
  persist+cs       Y=  77 lim= 80 hr=0.67  gemv    26.53 us =   4743 GB/s   touches [('touch_kernel<0>', 205.3), ('touch_kernel<0>', 37.02), ('touch_kernel<1>', 50.62)] clk (2310, 2310)
  persist+swin     Y=  77 lim= 80 hr=0.67  gemv    26.59 us =   4732 GB/s   touches [('touch_kernel<0>', 205.23), ('touch_kernel<0>', 36.9), ('touch_kernel<0>', 50.61)] clk (2302, 2302)
  swin-consumer    Y=  77 lim= 80 hr=0.67  gemv    34.91 us =   3604 GB/s   touches [('touch_kernel<0>', 205.2), ('touch_kernel<0>', 33.94), ('touch_kernel<0>', 50.8)] clk (2302, 2302)
     nodes: [('touch_kernelILi0EEvPKhyP', 120, 2, 1), ('touch_kernelILi0EEvPKhyP', 120, 2, 1), ('touch_kernelILi0EEvPKhyP', 120, 2, 1), ('_w8a16_gemv_kernel', 120, 2, 1)]
  persist+stream   Y=  77 lim= 80 hr=1.00  gemv    28.34 us =   4441 GB/s   touches [('touch_kernel<0>', 205.25), ('touch_kernel<0>', 64.83), ('touch_kernel<0>', 50.83)] clk (2310, 2310)
  persistpfx+stream Y=  77 lim= 80 hr=1.00  gemv    28.93 us =   4350 GB/s   touches [('touch_kernel<0>', 205.27), ('touch_kernel<0>', 37.06), ('touch_kernel<0>', 50.8)] clk (2310, 2310)
  touched+stream   Y= 190 lim= 80 hr=1.00  gemv    78.46 us =   1604 GB/s   touches [('touch_kernel<0>', 205.12), ('touch_kernel<0>', 78.02), ('touch_kernel<0>', 122.48)] clk (2302, 2310)
  persist+stream   Y= 190 lim= 80 hr=0.67  gemv    30.85 us =   4079 GB/s   touches [('touch_kernel<0>', 205.23), ('touch_kernel<0>', 36.91), ('touch_kernel<0>', 122.51)] clk (2302, 2302)
  persist+cs       Y= 190 lim= 80 hr=0.67  gemv    26.56 us =   4738 GB/s   touches [('touch_kernel<0>', 205.09), ('touch_kernel<0>', 36.9), ('touch_kernel<1>', 122.29)] clk (2302, 2310)
  persist+swin     Y= 190 lim= 80 hr=0.67  gemv    30.88 us =   4075 GB/s   touches [('touch_kernel<0>', 205.22), ('touch_kernel<0>', 36.96), ('touch_kernel<0>', 122.48)] clk (2310, 2310)
  swin-consumer    Y= 190 lim= 80 hr=0.67  gemv    34.98 us =   3598 GB/s   touches [('touch_kernel<0>', 205.22), ('touch_kernel<0>', 33.9), ('touch_kernel<0>', 122.56)] clk (2310, 2310)
     nodes: [('touch_kernelILi0EEvPKhyP', 120, 2, 1), ('touch_kernelILi0EEvPKhyP', 120, 2, 1), ('touch_kernelILi0EEvPKhyP', 120, 2, 1), ('_w8a16_gemv_kernel', 120, 2, 1)]
  persist+stream   Y= 190 lim= 80 hr=1.00  gemv    28.35 us =   4438 GB/s   touches [('touch_kernel<0>', 205.12), ('touch_kernel<0>', 64.9), ('touch_kernel<0>', 122.58)] clk (2310, 2310)
  persistpfx+stream Y= 190 lim= 80 hr=1.00  gemv    29.02 us =   4335 GB/s   touches [('touch_kernel<0>', 205.17), ('touch_kernel<0>', 37.06), ('touch_kernel<0>', 122.59)] clk (2302, 2310)

[wrote] bench/l2_prefetch/results/hit_v2.json
