
=== M=4 expert stream 77 MB/layer  (21:55:56)
  none               grid    0 prio=0:   168.19 us/layer  qkvz 28.58 out 13.34 tiny 0.8 touch [50.51] clk (2287, 2310)
  start              grid   32 prio=0:   181.76 us/layer  qkvz 37.28 out 12.78 tiny 0.82 touch [50.5, 64.97] clk (2295, 2325)
  start              grid   64 prio=0:   192.53 us/layer  qkvz 41.06 out 12.73 tiny 0.8 touch [50.42, 62.25] clk (2295, 2317)
  start              grid  188 prio=0:   199.75 us/layer  qkvz 28.3 out 12.78 tiny 0.8 touch [37.36, 50.5] clk (2310, 2340)
  start+persist      grid   32 prio=0:   167.34 us/layer  qkvz 25.38 out 7.67 tiny 0.83 touch [51.05, 51.82] clk (2280, 2317)
  start+persist      grid   64 prio=0:   180.12 us/layer  qkvz 34.32 out 7.67 tiny 0.8 touch [51.55, 56.06] clk (2287, 2295)
  start+persist      grid  188 prio=0:   189.61 us/layer  qkvz 24.7 out 7.54 tiny 0.8 touch [36.65, 51.62] clk (2317, 2340)
  postgemm           grid   32 prio=0:   170.55 us/layer  qkvz 15.93 out 6.94 tiny 0.8 touch [39.51, 50.46] clk (2317, 2325)
  postgemm           grid   64 prio=0:   176.46 us/layer  qkvz 15.9 out 6.97 tiny 0.8 touch [38.52, 50.46] clk (2325, 2340)
  postgemm           grid  188 prio=0:   179.69 us/layer  qkvz 15.99 out 6.97 tiny 0.8 touch [37.48, 50.56] clk (2325, 2325)
  postgemm+persist   grid   32 prio=0:   173.59 us/layer  qkvz 15.9 out 6.99 tiny 0.8 touch [38.1, 51.54] clk (2325, 2340)
  postgemm+persist   grid   64 prio=0:   168.17 us/layer  qkvz 15.91 out 6.97 tiny 0.8 touch [37.59, 51.59] clk (2325, 2325)
  postgemm+persist   grid  188 prio=0:   180.69 us/layer  qkvz 15.96 out 6.98 tiny 0.8 touch [36.66, 51.66] clk (2325, 2325)
  jit                grid   32 prio=0:   166.85 us/layer  qkvz 16.2 out 6.86 tiny 0.8 touch [11.5, 39.97] clk (2317, 2340)
  jit                grid   64 prio=0:   168.44 us/layer  qkvz 16.07 out 6.94 tiny 0.8 touch [11.38, 39.18] clk (2317, 2325)
  jit                grid  188 prio=0:   177.65 us/layer  qkvz 16.3 out 7.07 tiny 0.8 touch [11.1, 39.09] clk (2317, 2340)

=== M=4 expert stream 190 MB/layer  (21:56:17)
  none               grid    0 prio=0:   246.55 us/layer  qkvz 28.28 out 12.98 tiny 0.8 touch [123.57] clk (2310, 2317)
  start              grid   32 prio=0:   260.32 us/layer  qkvz 36.62 out 12.75 tiny 0.83 touch [64.22, 123.67] clk (2302, 2325)
  start              grid   64 prio=0:   272.46 us/layer  qkvz 39.9 out 12.71 tiny 0.8 touch [61.15, 123.59] clk (2302, 2310)
  start              grid  188 prio=0:   277.93 us/layer  qkvz 28.32 out 12.84 tiny 0.8 touch [36.59, 123.61] clk (2302, 2317)
  start+persist      grid   32 prio=0:   247.19 us/layer  qkvz 25.1 out 7.71 tiny 0.83 touch [51.18, 123.58] clk (2302, 2340)
  start+persist      grid   64 prio=0:   259.96 us/layer  qkvz 34.32 out 7.81 tiny 0.8 touch [55.3, 123.47] clk (2295, 2317)
  start+persist      grid  188 prio=0:   270.12 us/layer  qkvz 24.66 out 7.49 tiny 0.8 touch [36.62, 123.55] clk (2310, 2332)
  postgemm           grid   32 prio=0:   246.24 us/layer  qkvz 15.91 out 6.94 tiny 0.8 touch [38.21, 123.63] clk (2310, 2332)
  postgemm           grid   64 prio=0:   249.91 us/layer  qkvz 15.94 out 6.98 tiny 0.8 touch [37.74, 123.68] clk (2332, 2332)
  postgemm           grid  188 prio=0:   262.39 us/layer  qkvz 15.94 out 6.94 tiny 0.8 touch [36.63, 123.62] clk (2332, 2340)
  postgemm+persist   grid   32 prio=0:   257.34 us/layer  qkvz 15.91 out 6.98 tiny 0.8 touch [38.08, 123.5] clk (2332, 2340)
  postgemm+persist   grid   64 prio=0:   253.40 us/layer  qkvz 15.9 out 6.94 tiny 0.8 touch [37.61, 123.55] clk (2332, 2340)
  postgemm+persist   grid  188 prio=0:   260.10 us/layer  qkvz 15.94 out 6.98 tiny 0.8 touch [36.67, 123.52] clk (2332, 2332)
  jit                grid   32 prio=0:   242.09 us/layer  qkvz 16.12 out 6.86 tiny 0.8 touch [11.46, 75.86] clk (2325, 2340)
  jit                grid   64 prio=0:   243.18 us/layer  qkvz 15.84 out 6.94 tiny 0.8 touch [11.41, 75.62] clk (2325, 2332)
  jit                grid  188 prio=0:   260.42 us/layer  qkvz 16.12 out 7.06 tiny 0.8 touch [11.06, 75.37] clk (2325, 2325)

=== M=16 expert stream 77 MB/layer  (21:56:38)
  none               grid    0 prio=0:   167.23 us/layer  qkvz 29.42 out 13.82 tiny 0.8 touch [50.49] clk (2302, 2340)
  start              grid   32 prio=0:   184.96 us/layer  qkvz 38.08 out 12.94 tiny 0.82 touch [50.46, 65.25] clk (2295, 2317)
  start              grid   64 prio=0:   198.98 us/layer  qkvz 41.69 out 13.14 tiny 0.8 touch [50.5, 61.68] clk (2302, 2340)
  start              grid  188 prio=0:   202.60 us/layer  qkvz 28.78 out 13.03 tiny 0.8 touch [37.47, 50.57] clk (2302, 2317)
  start+persist      grid   32 prio=0:   168.82 us/layer  qkvz 26.13 out 8.69 tiny 0.83 touch [50.75, 51.98] clk (2280, 2317)
  start+persist      grid   64 prio=0:   184.46 us/layer  qkvz 35.12 out 8.86 tiny 0.8 touch [51.73, 55.39] clk (2295, 2340)
  start+persist      grid  188 prio=0:   197.79 us/layer  qkvz 24.39 out 8.62 tiny 0.8 touch [36.62, 51.79] clk (2295, 2317)
  postgemm           grid   32 prio=0:   174.59 us/layer  qkvz 16.34 out 8.5 tiny 0.8 touch [39.92, 50.46] clk (2325, 2340)
  postgemm           grid   64 prio=0:   173.09 us/layer  qkvz 16.33 out 8.46 tiny 0.8 touch [38.9, 50.46] clk (2325, 2332)
  postgemm           grid  188 prio=0:   181.03 us/layer  qkvz 16.35 out 8.5 tiny 0.8 touch [37.61, 50.51] clk (2325, 2340)
  postgemm+persist   grid   32 prio=0:   175.04 us/layer  qkvz 16.29 out 8.43 tiny 0.8 touch [38.16, 51.7] clk (2325, 2325)
  postgemm+persist   grid   64 prio=0:   176.88 us/layer  qkvz 16.33 out 8.45 tiny 0.8 touch [37.63, 51.75] clk (2325, 2325)
  postgemm+persist   grid  188 prio=0:   186.20 us/layer  qkvz 16.35 out 8.46 tiny 0.8 touch [36.64, 51.82] clk (2325, 2340)
  jit                grid   32 prio=0:   165.77 us/layer  qkvz 16.31 out 8.13 tiny 0.8 touch [11.67, 40.1] clk (2317, 2332)
  jit                grid   64 prio=0:   164.14 us/layer  qkvz 16.34 out 8.3 tiny 0.8 touch [11.54, 39.42] clk (2325, 2332)
  jit                grid  188 prio=0:   184.41 us/layer  qkvz 16.4 out 8.4 tiny 0.8 touch [11.16, 39.11] clk (2317, 2325)

=== M=16 expert stream 190 MB/layer  (21:56:58)
  none               grid    0 prio=0:   251.82 us/layer  qkvz 28.86 out 13.33 tiny 0.8 touch [123.89] clk (2310, 2317)
  start              grid   32 prio=0:   262.91 us/layer  qkvz 37.34 out 13.14 tiny 0.83 touch [64.01, 124.02] clk (2302, 2340)
  start              grid   64 prio=0:   271.51 us/layer  qkvz 40.27 out 13.3 tiny 0.8 touch [60.38, 123.94] clk (2295, 2317)
  start              grid  188 prio=0:   289.42 us/layer  qkvz 28.9 out 13.28 tiny 0.8 touch [36.62, 123.92] clk (2317, 2340)
  start+persist      grid   32 prio=0:   251.13 us/layer  qkvz 25.99 out 8.86 tiny 0.83 touch [51.14, 123.97] clk (2295, 2317)
  start+persist      grid   64 prio=0:   269.47 us/layer  qkvz 34.92 out 9.06 tiny 0.8 touch [54.39, 124.0] clk (2302, 2340)
  start+persist      grid  188 prio=0:   280.71 us/layer  qkvz 24.46 out 8.74 tiny 0.8 touch [36.63, 123.99] clk (2302, 2325)
  postgemm           grid   32 prio=0:   252.40 us/layer  qkvz 16.37 out 8.45 tiny 0.8 touch [38.16, 123.99] clk (2310, 2332)
  postgemm           grid   64 prio=0:   257.72 us/layer  qkvz 16.32 out 8.47 tiny 0.8 touch [37.72, 124.03] clk (2332, 2340)
  postgemm           grid  188 prio=0:   261.43 us/layer  qkvz 16.3 out 8.46 tiny 0.8 touch [36.68, 124.11] clk (2332, 2332)
  postgemm+persist   grid   32 prio=0:   254.66 us/layer  qkvz 16.34 out 8.5 tiny 0.8 touch [38.13, 123.97] clk (2332, 2340)
  postgemm+persist   grid   64 prio=0:   248.20 us/layer  qkvz 16.28 out 8.47 tiny 0.8 touch [37.66, 123.96] clk (2332, 2332)
  postgemm+persist   grid  188 prio=0:   262.64 us/layer  qkvz 16.32 out 8.47 tiny 0.8 touch [36.68, 124.0] clk (2332, 2340)
  jit                grid   32 prio=0:   247.49 us/layer  qkvz 16.28 out 8.11 tiny 0.8 touch [11.47, 76.1] clk (2325, 2332)
  jit                grid   64 prio=0:   245.79 us/layer  qkvz 16.32 out 8.31 tiny 0.8 touch [11.37, 75.77] clk (2325, 2332)
  jit                grid  188 prio=0:   260.59 us/layer  qkvz 16.33 out 8.43 tiny 0.8 touch [10.98, 75.58] clk (2325, 2340)

[wrote] bench/l2_prefetch/results/pipeline_v2.json
