=== bench_pipeline2 2026-09-06T21:39:38+09:00 ===

=== M=4 expert stream 77 MB/layer  (21:39:43)
  none               grid    0 prio=0:   207.98 us/layer  qkvz 50.88 out 28.47 tiny 0.8 touch [50.52] clk (2287, 2310)
  start              grid   32 prio=0:   230.87 us/layer  qkvz 50.67 out 38.98 tiny 0.8 touch [50.53, 63.98] clk (2325, 2325)
  start              grid   64 prio=0:   251.17 us/layer  qkvz 53.88 out 49.95 tiny 0.8 touch [50.55, 56.79] clk (2302, 2317)
  start              grid  188 prio=0:   245.29 us/layer  qkvz 50.04 out 28.34 tiny 0.8 touch [36.9, 50.57] clk (2310, 2340)
  start+persist      grid   32 prio=0:   212.30 us/layer  qkvz 47.45 out 28.7 tiny 0.82 touch [50.02, 51.07] clk (2302, 2325)
  start+persist      grid   64 prio=0:   246.96 us/layer  qkvz 51.82 out 45.98 tiny 0.8 touch [50.96, 53.72] clk (2295, 2317)
  start+persist      grid  188 prio=0:   240.24 us/layer  qkvz 46.32 out 26.91 tiny 0.8 touch [36.7, 50.91] clk (2310, 2340)
  postgemm           grid   32 prio=0:   215.83 us/layer  qkvz 43.42 out 19.14 tiny 0.8 touch [38.68, 50.51] clk (2317, 2325)
  postgemm           grid   64 prio=0:   220.75 us/layer  qkvz 43.49 out 19.15 tiny 0.8 touch [37.94, 50.48] clk (2325, 2340)
  postgemm           grid  188 prio=0:   220.46 us/layer  qkvz 43.58 out 19.16 tiny 0.8 touch [36.9, 50.5] clk (2325, 2332)
  postgemm+persist   grid   32 prio=0:   220.32 us/layer  qkvz 43.48 out 19.15 tiny 0.8 touch [38.25, 50.95] clk (2325, 2325)
  postgemm+persist   grid   64 prio=0:   215.37 us/layer  qkvz 43.57 out 19.18 tiny 0.8 touch [37.63, 50.94] clk (2325, 2340)
  postgemm+persist   grid  188 prio=0:   229.69 us/layer  qkvz 43.49 out 19.12 tiny 0.8 touch [36.67, 50.98] clk (2325, 2325)
  jit                grid   32 prio=0:   208.77 us/layer  qkvz 43.68 out 19.24 tiny 0.8 touch [11.53, 39.66] clk (2325, 2332)
  jit                grid   64 prio=0:   212.11 us/layer  qkvz 43.63 out 19.21 tiny 0.8 touch [11.36, 39.09] clk (2325, 2325)
  jit                grid  188 prio=0:   224.82 us/layer  qkvz 43.76 out 19.21 tiny 0.8 touch [11.05, 38.9] clk (2317, 2340)

=== M=4 expert stream 190 MB/layer  (21:40:04)
  none               grid    0 prio=0:   287.62 us/layer  qkvz 50.92 out 28.36 tiny 0.8 touch [123.02] clk (2310, 2317)
  start              grid   32 prio=0:   308.65 us/layer  qkvz 50.93 out 38.89 tiny 0.8 touch [63.54, 122.98] clk (2310, 2317)
  start              grid   64 prio=0:   325.37 us/layer  qkvz 54.02 out 49.91 tiny 0.8 touch [56.51, 123.02] clk (2317, 2340)
  start              grid  188 prio=0:   325.87 us/layer  qkvz 50.02 out 28.34 tiny 0.8 touch [36.71, 123.01] clk (2317, 2325)
  start+persist      grid   32 prio=0:   290.43 us/layer  qkvz 47.58 out 27.94 tiny 0.8 touch [49.31, 122.9] clk (2325, 2340)
  start+persist      grid   64 prio=0:   328.36 us/layer  qkvz 51.89 out 46.08 tiny 0.8 touch [52.85, 122.9] clk (2302, 2317)
  start+persist      grid  188 prio=0:   322.61 us/layer  qkvz 46.64 out 27.06 tiny 0.8 touch [36.68, 122.89] clk (2317, 2317)
  postgemm           grid   32 prio=0:   290.84 us/layer  qkvz 43.47 out 19.18 tiny 0.8 touch [38.21, 122.93] clk (2332, 2340)
  postgemm           grid   64 prio=0:   298.13 us/layer  qkvz 43.44 out 19.13 tiny 0.8 touch [37.75, 123.09] clk (2332, 2332)
  postgemm           grid  188 prio=0:   301.26 us/layer  qkvz 43.46 out 19.12 tiny 0.8 touch [36.7, 122.9] clk (2332, 2340)
  postgemm+persist   grid   32 prio=0:   301.56 us/layer  qkvz 43.48 out 19.17 tiny 0.8 touch [38.16, 122.86] clk (2332, 2332)
  postgemm+persist   grid   64 prio=0:   298.13 us/layer  qkvz 43.39 out 19.11 tiny 0.8 touch [37.65, 122.85] clk (2332, 2340)
  postgemm+persist   grid  188 prio=0:   300.57 us/layer  qkvz 43.46 out 19.11 tiny 0.8 touch [36.63, 122.85] clk (2332, 2332)
  jit                grid   32 prio=0:   289.94 us/layer  qkvz 43.55 out 19.18 tiny 0.8 touch [11.54, 75.69] clk (2332, 2332)
  jit                grid   64 prio=0:   287.05 us/layer  qkvz 43.53 out 19.17 tiny 0.8 touch [11.4, 75.36] clk (2332, 2332)
  jit                grid  188 prio=0:   310.00 us/layer  qkvz 43.76 out 19.18 tiny 0.8 touch [11.06, 75.06] clk (2325, 2332)

=== M=16 expert stream 77 MB/layer  (21:40:25)
  none               grid    0 prio=0:   213.38 us/layer  qkvz 51.02 out 29.3 tiny 0.8 touch [50.51] clk (2332, 2332)
  start              grid   32 prio=0:   231.24 us/layer  qkvz 50.9 out 39.52 tiny 0.8 touch [50.49, 64.67] clk (2302, 2310)
  start              grid   64 prio=0:   255.81 us/layer  qkvz 54.42 out 50.18 tiny 0.8 touch [50.5, 57.15] clk (2310, 2340)
  start              grid  188 prio=0:   246.56 us/layer  qkvz 50.31 out 28.79 tiny 0.8 touch [37.18, 50.54] clk (2310, 2325)
  start+persist      grid   32 prio=0:   216.27 us/layer  qkvz 47.78 out 28.74 tiny 0.8 touch [50.14, 51.34] clk (2295, 2325)
  start+persist      grid   64 prio=0:   243.48 us/layer  qkvz 51.63 out 44.72 tiny 0.8 touch [51.26, 52.95] clk (2310, 2340)
  start+persist      grid  188 prio=0:   246.52 us/layer  qkvz 46.69 out 27.63 tiny 0.8 touch [36.7, 51.26] clk (2310, 2325)
  postgemm           grid   32 prio=0:   216.08 us/layer  qkvz 43.7 out 19.4 tiny 0.8 touch [39.2, 50.62] clk (2317, 2340)
  postgemm           grid   64 prio=0:   219.13 us/layer  qkvz 43.71 out 19.4 tiny 0.8 touch [38.28, 50.55] clk (2325, 2325)
  postgemm           grid  188 prio=0:   226.13 us/layer  qkvz 43.8 out 19.43 tiny 0.8 touch [37.26, 50.5] clk (2325, 2325)
  postgemm+persist   grid   32 prio=0:   225.54 us/layer  qkvz 43.73 out 19.41 tiny 0.8 touch [38.1, 51.23] clk (2332, 2332)
  postgemm+persist   grid   64 prio=0:   218.88 us/layer  qkvz 43.72 out 19.41 tiny 0.8 touch [37.66, 51.25] clk (2325, 2325)
  postgemm+persist   grid  188 prio=0:   236.42 us/layer  qkvz 43.76 out 19.38 tiny 0.8 touch [36.72, 51.27] clk (2325, 2340)
  jit                grid   32 prio=0:   210.51 us/layer  qkvz 43.93 out 19.49 tiny 0.8 touch [11.49, 39.8] clk (2317, 2332)
  jit                grid   64 prio=0:   204.64 us/layer  qkvz 43.88 out 19.46 tiny 0.8 touch [11.44, 39.25] clk (2317, 2317)
  jit                grid  188 prio=0:   228.09 us/layer  qkvz 44.15 out 19.46 tiny 0.8 touch [11.03, 39.06] clk (2317, 2340)

=== M=16 expert stream 190 MB/layer  (21:40:46)
  none               grid    0 prio=0:   287.64 us/layer  qkvz 51.24 out 29.11 tiny 0.8 touch [123.16] clk (2310, 2325)
  start              grid   32 prio=0:   314.07 us/layer  qkvz 51.14 out 39.29 tiny 0.8 touch [64.01, 123.18] clk (2302, 2332)
  start              grid   64 prio=0:   328.08 us/layer  qkvz 54.39 out 50.13 tiny 0.8 touch [56.46, 123.45] clk (2302, 2310)
  start              grid  188 prio=0:   338.56 us/layer  qkvz 50.5 out 28.96 tiny 0.8 touch [36.58, 123.3] clk (2310, 2317)
  start+persist      grid   32 prio=0:   285.97 us/layer  qkvz 47.9 out 28.61 tiny 0.8 touch [49.76, 123.21] clk (2325, 2332)
  start+persist      grid   64 prio=0:   317.98 us/layer  qkvz 52.1 out 44.54 tiny 0.8 touch [53.3, 123.2] clk (2295, 2317)
  start+persist      grid  188 prio=0:   315.49 us/layer  qkvz 46.03 out 26.72 tiny 0.8 touch [36.6, 123.23] clk (2325, 2332)
  postgemm           grid   32 prio=0:   284.83 us/layer  qkvz 43.69 out 19.4 tiny 0.8 touch [38.04, 123.26] clk (2317, 2332)
  postgemm           grid   64 prio=0:   294.66 us/layer  qkvz 43.66 out 19.39 tiny 0.8 touch [37.69, 123.31] clk (2325, 2332)
  postgemm           grid  188 prio=0:   297.44 us/layer  qkvz 43.78 out 19.38 tiny 0.8 touch [36.74, 123.29] clk (2325, 2332)
  postgemm+persist   grid   32 prio=0:   292.70 us/layer  qkvz 43.65 out 19.38 tiny 0.8 touch [38.07, 123.2] clk (2332, 2332)
  postgemm+persist   grid   64 prio=0:   290.20 us/layer  qkvz 43.62 out 19.34 tiny 0.8 touch [37.7, 123.24] clk (2325, 2332)
  postgemm+persist   grid  188 prio=0:   292.36 us/layer  qkvz 43.78 out 19.35 tiny 0.8 touch [36.68, 123.25] clk (2332, 2332)
  jit                grid   32 prio=0:   284.01 us/layer  qkvz 43.84 out 19.4 tiny 0.8 touch [11.49, 75.76] clk (2325, 2340)
  jit                grid   64 prio=0:   280.81 us/layer  qkvz 43.87 out 19.4 tiny 0.8 touch [11.31, 75.54] clk (2325, 2332)
  jit                grid  188 prio=0:   299.53 us/layer  qkvz 44.18 out 19.45 tiny 0.8 touch [11.0, 75.26] clk (2325, 2332)

[wrote] bench/l2_prefetch/results/pipeline2.json
=== bench_pipeline2 done rc=0 2026-09-06T21:41:08+09:00 ===
=== bench_pipeline3 nojoin 2026-09-06T21:41:08+09:00 ===

=== M=4 expert stream 77 MB/layer  (21:41:13)
  none               grid    0 prio=0:   202.04 us/layer  qkvz 50.56 out 28.42 tiny 0.8 touch [50.5] clk (2287, 2295)
  postgemm           grid   32 prio=0:   197.39 us/layer  qkvz 43.68 out 19.47 tiny 0.8 touch [39.23, 50.52] clk (2310, 2332)
  postgemm           grid   64 prio=0:   205.42 us/layer  qkvz 43.57 out 19.18 tiny 0.8 touch [37.91, 50.48] clk (2310, 2317)
  postgemm+persist   grid   32 prio=0:   196.26 us/layer  qkvz 43.63 out 19.37 tiny 0.8 touch [38.59, 50.93] clk (2317, 2332)
  postgemm+persist   grid   64 prio=0:   208.06 us/layer  qkvz 43.64 out 19.18 tiny 0.8 touch [37.59, 50.93] clk (2317, 2325)
  jit                grid   32 prio=0:   190.91 us/layer  qkvz 43.59 out 19.24 tiny 0.8 touch [11.5, 39.63] clk (2317, 2325)
  jit                grid   64 prio=0:   208.78 us/layer  qkvz 43.69 out 19.23 tiny 0.8 touch [11.37, 39.15] clk (2325, 2332)

=== M=4 expert stream 190 MB/layer  (21:41:22)
  none               grid    0 prio=0:   280.94 us/layer  qkvz 50.72 out 28.38 tiny 0.8 touch [123.0] clk (2317, 2325)
  postgemm           grid   32 prio=0:   276.65 us/layer  qkvz 43.67 out 19.42 tiny 0.8 touch [38.5, 122.98] clk (2325, 2325)
  postgemm           grid   64 prio=0:   283.40 us/layer  qkvz 43.55 out 19.17 tiny 0.8 touch [37.57, 122.99] clk (2317, 2325)
  postgemm+persist   grid   32 prio=0:   274.87 us/layer  qkvz 43.61 out 19.41 tiny 0.8 touch [38.51, 122.88] clk (2317, 2325)
  postgemm+persist   grid   64 prio=0:   285.88 us/layer  qkvz 43.55 out 19.18 tiny 0.8 touch [37.73, 122.92] clk (2325, 2332)
  jit                grid   32 prio=0:   270.90 us/layer  qkvz 43.56 out 19.18 tiny 0.8 touch [11.49, 76.28] clk (2325, 2325)
  jit                grid   64 prio=0:   290.00 us/layer  qkvz 43.65 out 19.2 tiny 0.8 touch [11.38, 75.36] clk (2325, 2332)

=== M=16 expert stream 77 MB/layer  (21:41:31)
  none               grid    0 prio=0:   203.34 us/layer  qkvz 51.04 out 29.25 tiny 0.8 touch [50.51] clk (2302, 2325)
  postgemm           grid   32 prio=0:   198.50 us/layer  qkvz 43.83 out 19.78 tiny 0.8 touch [39.92, 50.51] clk (2302, 2332)
  postgemm           grid   64 prio=0:   205.41 us/layer  qkvz 43.86 out 19.46 tiny 0.8 touch [38.2, 50.53] clk (2310, 2317)
  postgemm+persist   grid   32 prio=0:   199.55 us/layer  qkvz 43.81 out 19.67 tiny 0.8 touch [38.84, 51.27] clk (2310, 2317)
  postgemm+persist   grid   64 prio=0:   208.02 us/layer  qkvz 43.79 out 19.45 tiny 0.8 touch [37.63, 51.33] clk (2325, 2332)
  jit                grid   32 prio=0:   194.81 us/layer  qkvz 43.9 out 19.54 tiny 0.8 touch [11.61, 39.81] clk (2317, 2325)
  jit                grid   64 prio=0:   207.35 us/layer  qkvz 43.94 out 19.43 tiny 0.8 touch [11.39, 39.3] clk (2317, 2332)

=== M=16 expert stream 190 MB/layer  (21:41:40)
  none               grid    0 prio=0:   280.68 us/layer  qkvz 51.03 out 29.16 tiny 0.8 touch [123.28] clk (2310, 2317)
  postgemm           grid   32 prio=0:   276.58 us/layer  qkvz 43.91 out 19.71 tiny 0.8 touch [38.67, 123.31] clk (2310, 2317)
  postgemm           grid   64 prio=0:   281.72 us/layer  qkvz 43.76 out 19.39 tiny 0.8 touch [37.61, 123.32] clk (2325, 2332)
  postgemm+persist   grid   32 prio=0:   276.94 us/layer  qkvz 43.95 out 19.69 tiny 0.8 touch [38.82, 123.21] clk (2325, 2325)
  postgemm+persist   grid   64 prio=0:   284.13 us/layer  qkvz 43.82 out 19.42 tiny 0.8 touch [37.59, 123.23] clk (2317, 2332)
  jit                grid   32 prio=0:   275.25 us/layer  qkvz 43.93 out 19.45 tiny 0.8 touch [11.43, 75.84] clk (2317, 2325)
  jit                grid   64 prio=0:   288.08 us/layer  qkvz 43.97 out 19.41 tiny 0.8 touch [11.36, 75.47] clk (2325, 2332)

[wrote] bench/l2_prefetch/results/pipeline3.json
=== bench_pipeline3 done rc=0 2026-09-06T21:41:51+09:00 ===
