support dtype=fp32 n=1 rows=sampling K=64 GPU=21.103 us/call (vs K=64 +0.00 us)
support dtype=fp32 n=1 rows=sampling K=32 GPU=12.169 us/call (vs K=64 -8.93 us)
support dtype=fp32 n=1 rows=sampling K=16 GPU=8.216 us/call (vs K=64 -12.89 us)
support dtype=fp32 n=1 rows=sampling K=8 GPU=6.458 us/call (vs K=64 -14.64 us)
support dtype=fp32 n=1 rows=greedy K=64 GPU=5.018 us/call (vs K=64 +0.00 us)
support dtype=fp32 n=1 rows=greedy K=16 GPU=5.071 us/call (vs K=64 +0.05 us)
support dtype=fp32 n=2 rows=sampling K=64 GPU=23.236 us/call (vs K=64 +0.00 us)
support dtype=fp32 n=2 rows=sampling K=32 GPU=12.109 us/call (vs K=64 -11.13 us)
support dtype=fp32 n=2 rows=sampling K=16 GPU=8.259 us/call (vs K=64 -14.98 us)
support dtype=fp32 n=2 rows=sampling K=8 GPU=6.366 us/call (vs K=64 -16.87 us)
support dtype=fp32 n=2 rows=greedy K=64 GPU=5.997 us/call (vs K=64 +0.00 us)
support dtype=fp32 n=2 rows=greedy K=16 GPU=3.900 us/call (vs K=64 -2.10 us)
support dtype=bf16 n=1 rows=sampling K=64 GPU=18.159 us/call (vs K=64 +0.00 us)
support dtype=bf16 n=1 rows=sampling K=32 GPU=10.954 us/call (vs K=64 -7.21 us)
support dtype=bf16 n=1 rows=sampling K=16 GPU=8.341 us/call (vs K=64 -9.82 us)
support dtype=bf16 n=1 rows=sampling K=8 GPU=5.473 us/call (vs K=64 -12.69 us)
support dtype=bf16 n=1 rows=greedy K=64 GPU=4.651 us/call (vs K=64 +0.00 us)
support dtype=bf16 n=1 rows=greedy K=16 GPU=3.870 us/call (vs K=64 -0.78 us)
support dtype=bf16 n=2 rows=sampling K=64 GPU=18.242 us/call (vs K=64 +0.00 us)
support dtype=bf16 n=2 rows=sampling K=32 GPU=11.267 us/call (vs K=64 -6.97 us)
support dtype=bf16 n=2 rows=sampling K=16 GPU=7.299 us/call (vs K=64 -10.94 us)
support dtype=bf16 n=2 rows=sampling K=8 GPU=5.581 us/call (vs K=64 -12.66 us)
support dtype=bf16 n=2 rows=greedy K=64 GPU=4.750 us/call (vs K=64 +0.00 us)
support dtype=bf16 n=2 rows=greedy K=16 GPU=3.886 us/call (vs K=64 -0.86 us)
support summary dtype=fp32 n=1 rows=sampling: K=64 21.103 us/call (vs K=64 +0.00 us); K=32 12.169 us/call (vs K=64 -8.93 us); K=16 8.216 us/call (vs K=64 -12.89 us); K=8 6.458 us/call (vs K=64 -14.64 us)
