== ancova lmstudio
== lmstudio: 128 requests, 16 prompts, 4 workloads, 8 arms
  ms/token  B effect  -2.74%  [ -5.39 ..  -0.01]  resid sd 7.90%
            arm means (%): A1 +6.42  B1 +1.02  B2 +4.02  A2 +1.10  B3 -4.60  A3 -0.35  A4 -1.40  B4 -5.63
            arm level B effect  -2.74%  [ -6.24 ..  +0.89]  (5 dof, arm sd 2.02%)
  tok/step  B effect  +0.60%  [ -3.08 ..  +4.43]  resid sd 10.65%
            arm means (%): A1 +0.16  B1 +3.56  B2 -2.83  A2 +3.83  B3 -1.20  A3 -3.09  A4 -1.96  B4 +1.81
            arm level B effect  +0.60%  [ -4.99 ..  +6.53]  (5 dof, arm sd 3.15%)
  ms/step|a B effect  -2.52%  [ -3.54 ..  -1.49]  resid sd 2.94%  slopes 0.52 0.47 -0.40 0.11
            arm means (%): A1 +6.62  B1 +3.04  B2 +2.01  A2 +3.48  B3 -4.69  A3 -2.30  A4 -2.15  B4 -5.36
            arm level B effect  -2.63%  [ -5.52 ..  +0.35]  (5 dof, arm sd 1.66%)
== ancova greedy
== greedy: 128 requests, 16 prompts, 4 workloads, 8 arms
  ms/token  B effect  -1.16%  [ -3.61 ..  +1.35]  resid sd 7.17%
            arm means (%): A1 -2.17  B1 +2.14  B2 +5.60  A2 +5.39  B3 -4.28  A3 +0.93  A4 -1.63  B4 -5.38
            arm level B effect  -1.16%  [ -8.56 ..  +6.84]  (5 dof, arm sd 4.28%)
  tok/step  B effect  +0.91%  [ -1.95 ..  +3.85]  resid sd 8.20%
            arm means (%): A1 +1.51  B1 +1.42  B2 -1.82  A2 +0.33  B3 +0.24  A3 -3.26  A4 -0.33  B4 +2.02
            arm level B effect  +0.91%  [ -2.75 ..  +4.71]  (5 dof, arm sd 2.03%)
  ms/step|a B effect  -0.44%  [ -1.70 ..  +0.84]  resid sd 3.62%  slopes 0.28 0.32 0.12 0.24
            arm means (%): A1 -0.84  B1 +2.94  B2 +4.27  A2 +5.43  B3 -4.28  A3 -1.60  A4 -1.91  B4 -3.54
            arm level B effect  -0.45%  [ -6.67 ..  +6.18]  (5 dof, arm sd 3.55%)
